Archive member included to satisfy reference by file (symbol)

c:/st/stm32cubeide_1.6.1/stm32cubeide/plugins/com.st.stm32cube.ide.mcu.externaltools.gnu-tools-for-stm32.9-2020-q2-update.win32_1.5.0.202011040924/tools/bin/../lib/gcc/arm-none-eabi/9.3.1/../../../../arm-none-eabi/lib/thumb/v7e-m+fp/hard\libc_nano.a(lib_a-errno.o)
                              Core/Src/syscalls.o (__errno)
c:/st/stm32cubeide_1.6.1/stm32cubeide/plugins/com.st.stm32cube.ide.mcu.externaltools.gnu-tools-for-stm32.9-2020-q2-update.win32_1.5.0.202011040924/tools/bin/../lib/gcc/arm-none-eabi/9.3.1/../../../../arm-none-eabi/lib/thumb/v7e-m+fp/hard\libc_nano.a(lib_a-exit.o)
                              c:/st/stm32cubeide_1.6.1/stm32cubeide/plugins/com.st.stm32cube.ide.mcu.externaltools.gnu-tools-for-stm32.9-2020-q2-update.win32_1.5.0.202011040924/tools/bin/../lib/gcc/arm-none-eabi/9.3.1/../../../../arm-none-eabi/lib/thumb/v7e-m+fp/hard/crt0.o (exit)
c:/st/stm32cubeide_1.6.1/stm32cubeide/plugins/com.st.stm32cube.ide.mcu.externaltools.gnu-tools-for-stm32.9-2020-q2-update.win32_1.5.0.202011040924/tools/bin/../lib/gcc/arm-none-eabi/9.3.1/../../../../arm-none-eabi/lib/thumb/v7e-m+fp/hard\libc_nano.a(lib_a-impure.o)
                              c:/st/stm32cubeide_1.6.1/stm32cubeide/plugins/com.st.stm32cube.ide.mcu.externaltools.gnu-tools-for-stm32.9-2020-q2-update.win32_1.5.0.202011040924/tools/bin/../lib/gcc/arm-none-eabi/9.3.1/../../../../arm-none-eabi/lib/thumb/v7e-m+fp/hard\libc_nano.a(lib_a-exit.o) (_global_impure_ptr)
c:/st/stm32cubeide_1.6.1/stm32cubeide/plugins/com.st.stm32cube.ide.mcu.externaltools.gnu-tools-for-stm32.9-2020-q2-update.win32_1.5.0.202011040924/tools/bin/../lib/gcc/arm-none-eabi/9.3.1/../../../../arm-none-eabi/lib/thumb/v7e-m+fp/hard\libc_nano.a(lib_a-init.o)
                              c:/st/stm32cubeide_1.6.1/stm32cubeide/plugins/com.st.stm32cube.ide.mcu.externaltools.gnu-tools-for-stm32.9-2020-q2-update.win32_1.5.0.202011040924/tools/bin/../lib/gcc/arm-none-eabi/9.3.1/../../../../arm-none-eabi/lib/thumb/v7e-m+fp/hard/crt0.o (__libc_init_array)
c:/st/stm32cubeide_1.6.1/stm32cubeide/plugins/com.st.stm32cube.ide.mcu.externaltools.gnu-tools-for-stm32.9-2020-q2-update.win32_1.5.0.202011040924/tools/bin/../lib/gcc/arm-none-eabi/9.3.1/../../../../arm-none-eabi/lib/thumb/v7e-m+fp/hard\libc_nano.a(lib_a-memset.o)
                              c:/st/stm32cubeide_1.6.1/stm32cubeide/plugins/com.st.stm32cube.ide.mcu.externaltools.gnu-tools-for-stm32.9-2020-q2-update.win32_1.5.0.202011040924/tools/bin/../lib/gcc/arm-none-eabi/9.3.1/../../../../arm-none-eabi/lib/thumb/v7e-m+fp/hard/crt0.o (memset)
c:/st/stm32cubeide_1.6.1/stm32cubeide/plugins/com.st.stm32cube.ide.mcu.externaltools.gnu-tools-for-stm32.9-2020-q2-update.win32_1.5.0.202011040924/tools/bin/../lib/gcc/arm-none-eabi/9.3.1/../../../../arm-none-eabi/lib/thumb/v7e-m+fp/hard\libc_nano.a(lib_a-printf.o)
                              Core/Src/gpio_wrapper.o (printf)
c:/st/stm32cubeide_1.6.1/stm32cubeide/plugins/com.st.stm32cube.ide.mcu.externaltools.gnu-tools-for-stm32.9-2020-q2-update.win32_1.5.0.202011040924/tools/bin/../lib/gcc/arm-none-eabi/9.3.1/../../../../arm-none-eabi/lib/thumb/v7e-m+fp/hard\libc_nano.a(lib_a-puts.o)
                              Core/Src/main.o (puts)
c:/st/stm32cubeide_1.6.1/stm32cubeide/plugins/com.st.stm32cube.ide.mcu.externaltools.gnu-tools-for-stm32.9-2020-q2-update.win32_1.5.0.202011040924/tools/bin/../lib/gcc/arm-none-eabi/9.3.1/../../../../arm-none-eabi/lib/thumb/v7e-m+fp/hard\libc_nano.a(lib_a-wbuf.o)
                              c:/st/stm32cubeide_1.6.1/stm32cubeide/plugins/com.st.stm32cube.ide.mcu.externaltools.gnu-tools-for-stm32.9-2020-q2-update.win32_1.5.0.202011040924/tools/bin/../lib/gcc/arm-none-eabi/9.3.1/../../../../arm-none-eabi/lib/thumb/v7e-m+fp/hard\libc_nano.a(lib_a-puts.o) (__swbuf_r)
c:/st/stm32cubeide_1.6.1/stm32cubeide/plugins/com.st.stm32cube.ide.mcu.externaltools.gnu-tools-for-stm32.9-2020-q2-update.win32_1.5.0.202011040924/tools/bin/../lib/gcc/arm-none-eabi/9.3.1/../../../../arm-none-eabi/lib/thumb/v7e-m+fp/hard\libc_nano.a(lib_a-wsetup.o)
                              c:/st/stm32cubeide_1.6.1/stm32cubeide/plugins/com.st.stm32cube.ide.mcu.externaltools.gnu-tools-for-stm32.9-2020-q2-update.win32_1.5.0.202011040924/tools/bin/../lib/gcc/arm-none-eabi/9.3.1/../../../../arm-none-eabi/lib/thumb/v7e-m+fp/hard\libc_nano.a(lib_a-puts.o) (__swsetup_r)
c:/st/stm32cubeide_1.6.1/stm32cubeide/plugins/com.st.stm32cube.ide.mcu.externaltools.gnu-tools-for-stm32.9-2020-q2-update.win32_1.5.0.202011040924/tools/bin/../lib/gcc/arm-none-eabi/9.3.1/../../../../arm-none-eabi/lib/thumb/v7e-m+fp/hard\libc_nano.a(lib_a-fflush.o)
[...]
Memory Configuration

Name             Origin             Length             Attributes
CCMRAM           0x0000000010000000 0x0000000000002000 xrw
RAM              0x0000000020000000 0x0000000000008000 xrw
FLASH            0x0000000008000000 0x0000000000020000 xr
*default*        0x0000000000000000 0xffffffffffffffff

Linker script and memory map

LOAD c:/st/stm32cubeide_1.6.1/stm32cubeide/plugins/com.st.stm32cube.ide.mcu.externaltools.gnu-tools-for-stm32.9-2020-q2-update.win32_1.5.0.202011040924/tools/bin/../lib/gcc/arm-none-eabi/9.3.1/thumb/v7e-m+fp/hard/crti.o
LOAD c:/st/stm32cubeide_1.6.1/stm32cubeide/plugins/com.st.stm32cube.ide.mcu.externaltools.gnu-tools-for-stm32.9-2020-q2-update.win32_1.5.0.202011040924/tools/bin/../lib/gcc/arm-none-eabi/9.3.1/thumb/v7e-m+fp/hard/crtbegin.o
LOAD c:/st/stm32cubeide_1.6.1/stm32cubeide/plugins/com.st.stm32cube.ide.mcu.externaltools.gnu-tools-for-stm32.9-2020-q2-update.win32_1.5.0.202011040924/tools/bin/../lib/gcc/arm-none-eabi/9.3.1/../../../../arm-none-eabi/lib/thumb/v7e-m+fp/hard/crt0.o
LOAD Core/Src/gpio_wrapper.o
LOAD Core/Src/main.o
LOAD Core/Src/queue.o
LOAD Core/Src/sched.o
LOAD Core/Src/stm32f3xx_hal_msp.o
LOAD Core/Src/stm32f3xx_it.o
LOAD Core/Src/syscalls.o
LOAD Core/Src/sysmem.o
LOAD Core/Src/system_stm32f3xx.o
LOAD Core/Startup/startup_stm32f303cbtx.o
LOAD Drivers/STM32F3xx_HAL_Driver/Src/stm32f3xx_hal.o
LOAD Drivers/STM32F3xx_HAL_Driver/Src/stm32f3xx_hal_cortex.o
LOAD Drivers/STM32F3xx_HAL_Driver/Src/stm32f3xx_hal_dma.o
LOAD Drivers/STM32F3xx_HAL_Driver/Src/stm32f3xx_hal_exti.o
LOAD Drivers/STM32F3xx_HAL_Driver/Src/stm32f3xx_hal_flash.o
LOAD Drivers/STM32F3xx_HAL_Driver/Src/stm32f3xx_hal_flash_ex.o
LOAD Drivers/STM32F3xx_HAL_Driver/Src/stm32f3xx_hal_gpio.o
LOAD Drivers/STM32F3xx_HAL_Driver/Src/stm32f3xx_hal_i2c.o
LOAD Drivers/STM32F3xx_HAL_Driver/Src/stm32f3xx_hal_i2c_ex.o
LOAD Drivers/STM32F3xx_HAL_Driver/Src/stm32f3xx_hal_pwr.o
LOAD Drivers/STM32F3xx_HAL_Driver/Src/stm32f3xx_hal_pwr_ex.o
LOAD Drivers/STM32F3xx_HAL_Driver/Src/stm32f3xx_hal_rcc.o
LOAD Drivers/STM32F3xx_HAL_Driver/Src/stm32f3xx_hal_rcc_ex.o
LOAD Drivers/STM32F3xx_HAL_Driver/Src/stm32f3xx_hal_tim.o
LOAD Drivers/STM32F3xx_HAL_Driver/Src/stm32f3xx_hal_tim_ex.o
LOAD Drivers/STM32F3xx_HAL_Driver/Src/stm32f3xx_hal_uart.o
LOAD Drivers/STM32F3xx_HAL_Driver/Src/stm32f3xx_hal_uart_ex.o
START GROUP
LOAD c:/st/stm32cubeide_1.6.1/stm32cubeide/plugins/com.st.stm32cube.ide.mcu.externaltools.gnu-tools-for-stm32.9-2020-q2-update.win32_1.5.0.202011040924/tools/bin/../lib/gcc/arm-none-eabi/9.3.1/../../../../arm-none-eabi/lib/thumb/v7e-m+fp/hard\libc_nano.a
LOAD c:/st/stm32cubeide_1.6.1/stm32cubeide/plugins/com.st.stm32cube.ide.mcu.externaltools.gnu-tools-for-stm32.9-2020-q2-update.win32_1.5.0.202011040924/tools/bin/../lib/gcc/arm-none-eabi/9.3.1/../../../../arm-none-eabi/lib/thumb/v7e-m+fp/hard\libm.a
END GROUP
START GROUP
LOAD c:/st/stm32cubeide_1.6.1/stm32cubeide/plugins/com.st.stm32cube.ide.mcu.externaltools.gnu-tools-for-stm32.9-2020-q2-update.win32_1.5.0.202011040924/tools/bin/../lib/gcc/arm-none-eabi/9.3.1/thumb/v7e-m+fp/hard\libgcc.a
LOAD c:/st/stm32cubeide_1.6.1/stm32cubeide/plugins/com.st.stm32cube.ide.mcu.externaltools.gnu-tools-for-stm32.9-2020-q2-update.win32_1.5.0.202011040924/tools/bin/../lib/gcc/arm-none-eabi/9.3.1/../../../../arm-none-eabi/lib/thumb/v7e-m+fp/hard\libc_nano.a
END GROUP
START GROUP
LOAD c:/st/stm32cubeide_1.6.1/stm32cubeide/plugins/com.st.stm32cube.ide.mcu.externaltools.gnu-tools-for-stm32.9-2020-q2-update.win32_1.5.0.202011040924/tools/bin/../lib/gcc/arm-none-eabi/9.3.1/thumb/v7e-m+fp/hard\libgcc.a
LOAD c:/st/stm32cubeide_1.6.1/stm32cubeide/plugins/com.st.stm32cube.ide.mcu.externaltools.gnu-tools-for-stm32.9-2020-q2-update.win32_1.5.0.202011040924/tools/bin/../lib/gcc/arm-none-eabi/9.3.1/../../../../arm-none-eabi/lib/thumb/v7e-m+fp/hard\libc_nano.a
LOAD c:/st/stm32cubeide_1.6.1/stm32cubeide/plugins/com.st.stm32cube.ide.mcu.externaltools.gnu-tools-for-stm32.9-2020-q2-update.win32_1.5.0.202011040924/tools/bin/../lib/gcc/arm-none-eabi/9.3.1/../../../../arm-none-eabi/lib/thumb/v7e-m+fp/hard\libnosys.a
END GROUP
START GROUP
LOAD c:/st/stm32cubeide_1.6.1/stm32cubeide/plugins/com.st.stm32cube.ide.mcu.externaltools.gnu-tools-for-stm32.9-2020-q2-update.win32_1.5.0.202011040924/tools/bin/../lib/gcc/arm-none-eabi/9.3.1/thumb/v7e-m+fp/hard\libgcc.a
LOAD c:/st/stm32cubeide_1.6.1/stm32cubeide/plugins/com.st.stm32cube.ide.mcu.externaltools.gnu-tools-for-stm32.9-2020-q2-update.win32_1.5.0.202011040924/tools/bin/../lib/gcc/arm-none-eabi/9.3.1/../../../../arm-none-eabi/lib/thumb/v7e-m+fp/hard\libc_nano.a
LOAD c:/st/stm32cubeide_1.6.1/stm32cubeide/plugins/com.st.stm32cube.ide.mcu.externaltools.gnu-tools-for-stm32.9-2020-q2-update.win32_1.5.0.202011040924/tools/bin/../lib/gcc/arm-none-eabi/9.3.1/../../../../arm-none-eabi/lib/thumb/v7e-m+fp/hard\libnosys.a
END GROUP
LOAD c:/st/stm32cubeide_1.6.1/stm32cubeide/plugins/com.st.stm32cube.ide.mcu.externaltools.gnu-tools-for-stm32.9-2020-q2-update.win32_1.5.0.202011040924/tools/bin/../lib/gcc/arm-none-eabi/9.3.1/thumb/v7e-m+fp/hard/crtend.o
LOAD c:/st/stm32cubeide_1.6.1/stm32cubeide/plugins/com.st.stm32cube.ide.mcu.externaltools.gnu-tools-for-stm32.9-2020-q2-update.win32_1.5.0.202011040924/tools/bin/../lib/gcc/arm-none-eabi/9.3.1/thumb/v7e-m+fp/hard/crtn.o
                0x0000000020008000                _estack = (ORIGIN (RAM) + LENGTH (RAM))
                0x0000000000000200                _Min_Heap_Size = 0x200
                0x0000000000000400                _Min_Stack_Size = 0x400

.isr_vector     0x0000000008000000      0x188
                0x0000000008000000                . = ALIGN (0x4)
 *(.isr_vector)
 .isr_vector    0x0000000008000000      0x188 Core/Startup/startup_stm32f303cbtx.o
                0x0000000008000000                g_pfnVectors
                0x0000000008000188                . = ALIGN (0x4)

.text           0x0000000008000190     0x55d8
                0x0000000008000190                . = ALIGN (0x4)
 *(.text)
 .text          0x0000000008000190       0x40 c:/st/stm32cubeide_1.6.1/stm32cubeide/plugins/com.st.stm32cube.ide.mcu.externaltools.gnu-tools-for-stm32.9-2020-q2-update.win32_1.5.0.202011040924/tools/bin/../lib/gcc/arm-none-eabi/9.3.1/thumb/v7e-m+fp/hard/crtbegin.o
 .text          0x00000000080001d0       0xa0 c:/st/stm32cubeide_1.6.1/stm32cubeide/plugins/com.st.stm32cube.ide.mcu.externaltools.gnu-tools-for-stm32.9-2020-q2-update.win32_1.5.0.202011040924/tools/bin/../lib/gcc/arm-none-eabi/9.3.1/../../../../arm-none-eabi/lib/thumb/v7e-m+fp/hard\libc_nano.a(lib_a-memchr.o)
                0x00000000080001d0                memchr
 *(.text*)
 .text.EXTI0_IRQHandler
                0x0000000008000270        0xe Core/Src/gpio_wrapper.o
                0x0000000008000270                EXTI0_IRQHandler
 .text.EXTI1_IRQHandler
                0x000000000800027e        0xe Core/Src/gpio_wrapper.o
                0x000000000800027e                EXTI1_IRQHandler
 .text.EXTI15_10_IRQHandler
                0x000000000800028c       0x10 Core/Src/gpio_wrapper.o
                0x000000000800028c                EXTI15_10_IRQHandler
 .text.HAL_GPIO_EXTI_Callback
                0x000000000800029c       0x58 Core/Src/gpio_wrapper.o
                0x000000000800029c                HAL_GPIO_EXTI_Callback
 .text.gpio_init
                0x00000000080002f4       0x60 Core/Src/gpio_wrapper.o
                0x00000000080002f4                gpio_init
 .text.gpio_read
                0x0000000008000354       0x30 Core/Src/gpio_wrapper.o
                0x0000000008000354                gpio_read
 .text.gpio_write
                0x0000000008000384       0x3c Core/Src/gpio_wrapper.o
                0x0000000008000384                gpio_write
 .text.gpio_dir
                0x00000000080003c0       0x64 Core/Src/gpio_wrapper.o
                0x00000000080003c0                gpio_dir
 .text.gpio_interrupt
                0x0000000008000424       0x94 Core/Src/gpio_wrapper.o
                0x0000000008000424                gpio_interrupt
 .text.__io_putchar
                0x00000000080004b8       0x24 Core/Src/main.o
                0x00000000080004b8                __io_putchar
 .text.steering_cb
                0x00000000080004dc       0x1c Core/Src/main.o
                0x00000000080004dc                steering_cb
 .text.hello_cb
                0x00000000080004f8       0x1c Core/Src/main.o
                0x00000000080004f8                hello_cb
 .text.main     0x0000000008000514       0xc4 Core/Src/main.o
                0x0000000008000514                main
 .text.SystemClock_Config
                0x00000000080005d8       0xb0 Core/Src/main.o
                0x00000000080005d8                SystemClock_Config
 .text.MX_I2C1_Init
                0x0000000008000688       0x80 Core/Src/main.o
 .text.MX_TIM2_Init
                0x0000000008000708       0x9c Core/Src/main.o
 .text.MX_TIM3_Init
                0x00000000080007a4      0x104 Core/Src/main.o
 .text.MX_TIM4_Init
                0x00000000080008a8      0x104 Core/Src/main.o
 .text.MX_USART1_UART_Init
                0x00000000080009ac       0x60 Core/Src/main.o
 .text.MX_GPIO_Init
                0x0000000008000a0c       0x48 Core/Src/main.o
 .text.Error_Handler
                0x0000000008000a54        0xa Core/Src/main.o
                0x0000000008000a54                Error_Handler
 *fill*         0x0000000008000a5e        0x2 
 .text.sched_init
                0x0000000008000a60       0x20 Core/Src/sched.o
                0x0000000008000a60                sched_init
 .text.sched_add_task
                0x0000000008000a80       0x60 Core/Src/sched.o
                0x0000000008000a80                sched_add_task
 .text.sched_get_task
                0x0000000008000ae0       0x78 Core/Src/sched.o
                0x0000000008000ae0                sched_get_task
 .text.HAL_MspInit
                0x0000000008000b58       0x48 Core/Src/stm32f3xx_hal_msp.o
                0x0000000008000b58                HAL_MspInit
 .text.HAL_I2C_MspInit
                0x0000000008000ba0       0xc4 Core/Src/stm32f3xx_hal_msp.o
                0x0000000008000ba0                HAL_I2C_MspInit
 .text.HAL_TIM_Base_MspInit
                0x0000000008000c64       0x8c Core/Src/stm32f3xx_hal_msp.o
                0x0000000008000c64                HAL_TIM_Base_MspInit
 .text.HAL_TIM_MspPostInit
                0x0000000008000cf0       0xb8 Core/Src/stm32f3xx_hal_msp.o
                0x0000000008000cf0                HAL_TIM_MspPostInit
 .text.HAL_UART_MspInit
                0x0000000008000da8       0x88 Core/Src/stm32f3xx_hal_msp.o
                0x0000000008000da8                HAL_UART_MspInit
 .text.NMI_Handler
                0x0000000008000e30        0x6 Core/Src/stm32f3xx_it.o
                0x0000000008000e30                NMI_Handler
 .text.HardFault_Handler
                0x0000000008000e36        0x6 Core/Src/stm32f3xx_it.o
                0x0000000008000e36                HardFault_Handler
 .text.MemManage_Handler
                0x0000000008000e3c        0x6 Core/Src/stm32f3xx_it.o
                0x0000000008000e3c                MemManage_Handler
 .text.BusFault_Handler
                0x0000000008000e42        0x6 Core/Src/stm32f3xx_it.o
                0x0000000008000e42                BusFault_Handler
 .text.UsageFault_Handler
                0x0000000008000e48        0x6 Core/Src/stm32f3xx_it.o
                0x0000000008000e48                UsageFault_Handler
 .text.SVC_Handler
                0x0000000008000e4e        0xe Core/Src/stm32f3xx_it.o
                0x0000000008000e4e                SVC_Handler
 .text.DebugMon_Handler
                0x0000000008000e5c        0xe Core/Src/stm32f3xx_it.o
                0x0000000008000e5c                DebugMon_Handler
 .text.PendSV_Handler
                0x0000000008000e6a        0xe Core/Src/stm32f3xx_it.o
                0x0000000008000e6a                PendSV_Handler
 .text.SysTick_Handler
                0x0000000008000e78        0xc Core/Src/stm32f3xx_it.o
                0x0000000008000e78                SysTick_Handler
 .text._read    0x0000000008000e84       0x3a Core/Src/syscalls.o
                0x0000000008000e84                _read
 .text._write   0x0000000008000ebe       0x38 Core/Src/syscalls.o
                0x0000000008000ebe                _write
 .text._close   0x0000000008000ef6       0x18 Core/Src/syscalls.o
                0x0000000008000ef6                _close
 .text._fstat   0x0000000008000f0e       0x20 Core/Src/syscalls.o
                0x0000000008000f0e                _fstat
 .text._isatty  0x0000000008000f2e       0x16 Core/Src/syscalls.o
                0x0000000008000f2e                _isatty
 .text._lseek   0x0000000008000f44       0x1a Core/Src/syscalls.o
                0x0000000008000f44                _lseek
 *fill*         0x0000000008000f5e        0x2 
 .text._sbrk    0x0000000008000f60       0x6c Core/Src/sysmem.o
                0x0000000008000f60                _sbrk
 .text.SystemInit
                0x0000000008000fcc       0x24 Core/Src/system_stm32f3xx.o
                0x0000000008000fcc                SystemInit
 .text.Reset_Handler
                0x0000000008000ff0       0x50 Core/Startup/startup_stm32f303cbtx.o
                0x0000000008000ff0                Reset_Handler
 .text.Default_Handler
                0x0000000008001040        0x2 Core/Startup/startup_stm32f303cbtx.o
                0x0000000008001040                RTC_Alarm_IRQHandler
                0x0000000008001040                TIM8_TRG_COM_IRQHandler
                0x0000000008001040                TIM8_CC_IRQHandler
                0x0000000008001040                TIM1_CC_IRQHandler
                0x0000000008001040                USB_HP_IRQHandler
                0x0000000008001040                PVD_IRQHandler
                0x0000000008001040                TAMP_STAMP_IRQHandler
                0x0000000008001040                EXTI3_IRQHandler
                0x0000000008001040                USB_HP_CAN_TX_IRQHandler
                0x0000000008001040                I2C2_EV_IRQHandler
                0x0000000008001040                FPU_IRQHandler
                0x0000000008001040                TIM1_UP_TIM16_IRQHandler
                0x0000000008001040                ADC1_2_IRQHandler
                0x0000000008001040                SPI1_IRQHandler
                0x0000000008001040                CAN_SCE_IRQHandler
                0x0000000008001040                TIM6_DAC_IRQHandler
                0x0000000008001040                TIM8_UP_IRQHandler
                0x0000000008001040                DMA2_Channel2_IRQHandler
                0x0000000008001040                DMA1_Channel4_IRQHandler
                0x0000000008001040                USART3_IRQHandler
                0x0000000008001040                DMA1_Channel7_IRQHandler
                0x0000000008001040                UART5_IRQHandler
                0x0000000008001040                ADC3_IRQHandler
                0x0000000008001040                TIM4_IRQHandler
                0x0000000008001040                CAN_RX1_IRQHandler
                0x0000000008001040                DMA2_Channel1_IRQHandler
                0x0000000008001040                I2C1_EV_IRQHandler
                0x0000000008001040                DMA1_Channel6_IRQHandler
                0x0000000008001040                UART4_IRQHandler
                0x0000000008001040                DMA2_Channel4_IRQHandler
                0x0000000008001040                TIM3_IRQHandler
                0x0000000008001040                RCC_IRQHandler
                0x0000000008001040                DMA1_Channel1_IRQHandler
                0x0000000008001040                Default_Handler
                0x0000000008001040                USBWakeUp_RMP_IRQHandler
                0x0000000008001040                TIM7_IRQHandler
                0x0000000008001040                EXTI9_5_IRQHandler
                0x0000000008001040                RTC_WKUP_IRQHandler
                0x0000000008001040                SPI2_IRQHandler
                0x0000000008001040                USB_LP_CAN_RX0_IRQHandler
                0x0000000008001040                DMA2_Channel5_IRQHandler
                0x0000000008001040                DMA1_Channel5_IRQHandler
                0x0000000008001040                USB_LP_IRQHandler
                0x0000000008001040                EXTI4_IRQHandler
                0x0000000008001040                TIM1_TRG_COM_TIM17_IRQHandler
                0x0000000008001040                DMA1_Channel3_IRQHandler
                0x0000000008001040                ADC4_IRQHandler
                0x0000000008001040                WWDG_IRQHandler
                0x0000000008001040                TIM2_IRQHandler
                0x0000000008001040                COMP7_IRQHandler
                0x0000000008001040                COMP1_2_3_IRQHandler
                0x0000000008001040                USART2_IRQHandler
                0x0000000008001040                COMP4_5_6_IRQHandler
                0x0000000008001040                I2C2_ER_IRQHandler
                0x0000000008001040                DMA1_Channel2_IRQHandler
                0x0000000008001040                TIM8_BRK_IRQHandler
                0x0000000008001040                FLASH_IRQHandler
                0x0000000008001040                USART1_IRQHandler
                0x0000000008001040                SPI3_IRQHandler
                0x0000000008001040                I2C1_ER_IRQHandler
                0x0000000008001040                USBWakeUp_IRQHandler
                0x0000000008001040                DMA2_Channel3_IRQHandler
                0x0000000008001040                EXTI2_TSC_IRQHandler
                0x0000000008001040                TIM1_BRK_TIM15_IRQHandler
 *fill*         0x0000000008001042        0x2 
 .text.HAL_Init
                0x0000000008001044       0x2c Drivers/STM32F3xx_HAL_Driver/Src/stm32f3xx_hal.o
                0x0000000008001044                HAL_Init
 .text.HAL_InitTick
                0x0000000008001070       0x60 Drivers/STM32F3xx_HAL_Driver/Src/stm32f3xx_hal.o
                0x0000000008001070                HAL_InitTick
 .text.HAL_IncTick
                0x00000000080010d0       0x28 Drivers/STM32F3xx_HAL_Driver/Src/stm32f3xx_hal.o
                0x00000000080010d0                HAL_IncTick
 .text.HAL_GetTick
                0x00000000080010f8       0x18 Drivers/STM32F3xx_HAL_Driver/Src/stm32f3xx_hal.o
                0x00000000080010f8                HAL_GetTick
 .text.__NVIC_SetPriorityGrouping
                0x0000000008001110       0x48 Drivers/STM32F3xx_HAL_Driver/Src/stm32f3xx_hal_cortex.o
 .text.__NVIC_GetPriorityGrouping
                0x0000000008001158       0x1c Drivers/STM32F3xx_HAL_Driver/Src/stm32f3xx_hal_cortex.o
 .text.__NVIC_EnableIRQ
                0x0000000008001174       0x3c Drivers/STM32F3xx_HAL_Driver/Src/stm32f3xx_hal_cortex.o
 .text.__NVIC_SetPriority
                0x00000000080011b0       0x54 Drivers/STM32F3xx_HAL_Driver/Src/stm32f3xx_hal_cortex.o
 .text.NVIC_EncodePriority
                0x0000000008001204       0x66 Drivers/STM32F3xx_HAL_Driver/Src/stm32f3xx_hal_cortex.o
 *fill*         0x000000000800126a        0x2 
 .text.SysTick_Config
                0x000000000800126c       0x44 Drivers/STM32F3xx_HAL_Driver/Src/stm32f3xx_hal_cortex.o
 .text.HAL_NVIC_SetPriorityGrouping
                0x00000000080012b0       0x16 Drivers/STM32F3xx_HAL_Driver/Src/stm32f3xx_hal_cortex.o
                0x00000000080012b0                HAL_NVIC_SetPriorityGrouping
 .text.HAL_NVIC_SetPriority
                0x00000000080012c6       0x38 Drivers/STM32F3xx_HAL_Driver/Src/stm32f3xx_hal_cortex.o
                0x00000000080012c6                HAL_NVIC_SetPriority
 .text.HAL_NVIC_EnableIRQ
                0x00000000080012fe       0x1c Drivers/STM32F3xx_HAL_Driver/Src/stm32f3xx_hal_cortex.o
                0x00000000080012fe                HAL_NVIC_EnableIRQ
 .text.HAL_SYSTICK_Config
                0x000000000800131a       0x18 Drivers/STM32F3xx_HAL_Driver/Src/stm32f3xx_hal_cortex.o
                0x000000000800131a                HAL_SYSTICK_Config
 *fill*         0x0000000008001332        0x2 
 .text.HAL_GPIO_Init
                0x0000000008001334      0x2f4 Drivers/STM32F3xx_HAL_Driver/Src/stm32f3xx_hal_gpio.o
                0x0000000008001334                HAL_GPIO_Init
 .text.HAL_GPIO_ReadPin
                0x0000000008001628       0x30 Drivers/STM32F3xx_HAL_Driver/Src/stm32f3xx_hal_gpio.o
                0x0000000008001628                HAL_GPIO_ReadPin
 .text.HAL_GPIO_WritePin
                0x0000000008001658       0x30 Drivers/STM32F3xx_HAL_Driver/Src/stm32f3xx_hal_gpio.o
                0x0000000008001658                HAL_GPIO_WritePin
 .text.HAL_GPIO_EXTI_IRQHandler
                0x0000000008001688       0x30 Drivers/STM32F3xx_HAL_Driver/Src/stm32f3xx_hal_gpio.o
                0x0000000008001688                HAL_GPIO_EXTI_IRQHandler
 .text.HAL_I2C_Init
                0x00000000080016b8      0x11e Drivers/STM32F3xx_HAL_Driver/Src/stm32f3xx_hal_i2c.o
                0x00000000080016b8                HAL_I2C_Init
 .text.HAL_I2CEx_ConfigAnalogFilter
                0x00000000080017d6       0x96 Drivers/STM32F3xx_HAL_Driver/Src/stm32f3xx_hal_i2c_ex.o
                0x00000000080017d6                HAL_I2CEx_ConfigAnalogFilter
 .text.HAL_I2CEx_ConfigDigitalFilter
                0x000000000800186c       0x98 Drivers/STM32F3xx_HAL_Driver/Src/stm32f3xx_hal_i2c_ex.o
                0x000000000800186c                HAL_I2CEx_ConfigDigitalFilter
 .text.HAL_RCC_OscConfig
                0x0000000008001904      0xe10 Drivers/STM32F3xx_HAL_Driver/Src/stm32f3xx_hal_rcc.o
                0x0000000008001904                HAL_RCC_OscConfig
 .text.HAL_RCC_ClockConfig
                0x0000000008002714      0x2f8 Drivers/STM32F3xx_HAL_Driver/Src/stm32f3xx_hal_rcc.o
                0x0000000008002714                HAL_RCC_ClockConfig
 .text.HAL_RCC_GetSysClockFreq
                0x0000000008002a0c       0xd4 Drivers/STM32F3xx_HAL_Driver/Src/stm32f3xx_hal_rcc.o
                0x0000000008002a0c                HAL_RCC_GetSysClockFreq
 .text.HAL_RCC_GetHCLKFreq
                0x0000000008002ae0       0x18 Drivers/STM32F3xx_HAL_Driver/Src/stm32f3xx_hal_rcc.o
                0x0000000008002ae0                HAL_RCC_GetHCLKFreq
 .text.HAL_RCC_GetPCLK1Freq
                0x0000000008002af8       0x44 Drivers/STM32F3xx_HAL_Driver/Src/stm32f3xx_hal_rcc.o
                0x0000000008002af8                HAL_RCC_GetPCLK1Freq
 .text.HAL_RCC_GetPCLK2Freq
                0x0000000008002b3c       0x44 Drivers/STM32F3xx_HAL_Driver/Src/stm32f3xx_hal_rcc.o
                0x0000000008002b3c                HAL_RCC_GetPCLK2Freq
 .text.HAL_RCCEx_PeriphCLKConfig
                0x0000000008002b80      0x360 Drivers/STM32F3xx_HAL_Driver/Src/stm32f3xx_hal_rcc_ex.o
                0x0000000008002b80                HAL_RCCEx_PeriphCLKConfig
 .text.HAL_TIM_Base_Init
                0x0000000008002ee0       0xae Drivers/STM32F3xx_HAL_Driver/Src/stm32f3xx_hal_tim.o
                0x0000000008002ee0                HAL_TIM_Base_Init
 *fill*         0x0000000008002f8e        0x2 
 .text.HAL_TIM_Base_Start
                0x0000000008002f90       0xc4 Drivers/STM32F3xx_HAL_Driver/Src/stm32f3xx_hal_tim.o
                0x0000000008002f90                HAL_TIM_Base_Start
 .text.HAL_TIM_PWM_Init
                0x0000000008003054       0xae Drivers/STM32F3xx_HAL_Driver/Src/stm32f3xx_hal_tim.o
                0x0000000008003054                HAL_TIM_PWM_Init
 .text.HAL_TIM_PWM_MspInit
                0x0000000008003102       0x14 Drivers/STM32F3xx_HAL_Driver/Src/stm32f3xx_hal_tim.o
                0x0000000008003102                HAL_TIM_PWM_MspInit
 *fill*         0x0000000008003116        0x2 
 .text.HAL_TIM_PWM_ConfigChannel
                0x0000000008003118      0x228 Drivers/STM32F3xx_HAL_Driver/Src/stm32f3xx_hal_tim.o
                0x0000000008003118                HAL_TIM_PWM_ConfigChannel
 .text.HAL_TIM_ConfigClockSource
                0x0000000008003340      0x192 Drivers/STM32F3xx_HAL_Driver/Src/stm32f3xx_hal_tim.o
                0x0000000008003340                HAL_TIM_ConfigClockSource
 *fill*         0x00000000080034d2        0x2 
 .text.TIM_Base_SetConfig
                0x00000000080034d4      0x120 Drivers/STM32F3xx_HAL_Driver/Src/stm32f3xx_hal_tim.o
                0x00000000080034d4                TIM_Base_SetConfig
 .text.TIM_OC1_SetConfig
                0x00000000080035f4      0x120 Drivers/STM32F3xx_HAL_Driver/Src/stm32f3xx_hal_tim.o
 .text.TIM_OC2_SetConfig
                0x0000000008003714      0x114 Drivers/STM32F3xx_HAL_Driver/Src/stm32f3xx_hal_tim.o
                0x0000000008003714                TIM_OC2_SetConfig
 .text.TIM_OC3_SetConfig
                0x0000000008003828      0x110 Drivers/STM32F3xx_HAL_Driver/Src/stm32f3xx_hal_tim.o
 .text.TIM_OC4_SetConfig
                0x0000000008003938       0xd4 Drivers/STM32F3xx_HAL_Driver/Src/stm32f3xx_hal_tim.o
 .text.TIM_OC5_SetConfig
                0x0000000008003a0c       0xc8 Drivers/STM32F3xx_HAL_Driver/Src/stm32f3xx_hal_tim.o
 .text.TIM_OC6_SetConfig
                0x0000000008003ad4       0xcc Drivers/STM32F3xx_HAL_Driver/Src/stm32f3xx_hal_tim.o
 .text.TIM_TI1_ConfigInputStage
                0x0000000008003ba0       0x5e Drivers/STM32F3xx_HAL_Driver/Src/stm32f3xx_hal_tim.o
 .text.TIM_TI2_ConfigInputStage
                0x0000000008003bfe       0x60 Drivers/STM32F3xx_HAL_Driver/Src/stm32f3xx_hal_tim.o
 .text.TIM_ITRx_SetConfig
                0x0000000008003c5e       0x36 Drivers/STM32F3xx_HAL_Driver/Src/stm32f3xx_hal_tim.o
 .text.TIM_ETR_SetConfig
                0x0000000008003c94       0x40 Drivers/STM32F3xx_HAL_Driver/Src/stm32f3xx_hal_tim.o
                0x0000000008003c94                TIM_ETR_SetConfig
 .text.HAL_TIMEx_MasterConfigSynchronization
                0x0000000008003cd4      0x100 Drivers/STM32F3xx_HAL_Driver/Src/stm32f3xx_hal_tim_ex.o
                0x0000000008003cd4                HAL_TIMEx_MasterConfigSynchronization
 .text.HAL_UART_Init
                0x0000000008003dd4       0x9c Drivers/STM32F3xx_HAL_Driver/Src/stm32f3xx_hal_uart.o
                0x0000000008003dd4                HAL_UART_Init
 .text.HAL_UART_Transmit
                0x0000000008003e70      0x114 Drivers/STM32F3xx_HAL_Driver/Src/stm32f3xx_hal_uart.o
                0x0000000008003e70                HAL_UART_Transmit
 .text.UART_SetConfig
                0x0000000008003f84      0x3a4 Drivers/STM32F3xx_HAL_Driver/Src/stm32f3xx_hal_uart.o
                0x0000000008003f84                UART_SetConfig
 .text.UART_AdvFeatureConfig
                0x0000000008004328      0x144 Drivers/STM32F3xx_HAL_Driver/Src/stm32f3xx_hal_uart.o
                0x0000000008004328                UART_AdvFeatureConfig
 .text.UART_CheckIdleState
                0x000000000800446c      0x150 Drivers/STM32F3xx_HAL_Driver/Src/stm32f3xx_hal_uart.o
                0x000000000800446c                UART_CheckIdleState
 .text.UART_WaitOnFlagUntilTimeout
                0x00000000080045bc       0xce Drivers/STM32F3xx_HAL_Driver/Src/stm32f3xx_hal_uart.o
                0x00000000080045bc                UART_WaitOnFlagUntilTimeout
 .text.UART_EndRxTransfer
                0x000000000800468a       0xc8 Drivers/STM32F3xx_HAL_Driver/Src/stm32f3xx_hal_uart.o
 *fill*         0x0000000008004752        0x2 
 .text.__errno  0x0000000008004754        0xc c:/st/stm32cubeide_1.6.1/stm32cubeide/plugins/com.st.stm32cube.ide.mcu.externaltools.gnu-tools-for-stm32.9-2020-q2-update.win32_1.5.0.202011040924/tools/bin/../lib/gcc/arm-none-eabi/9.3.1/../../../../arm-none-eabi/lib/thumb/v7e-m+fp/hard\libc_nano.a(lib_a-errno.o)
                0x0000000008004754                __errno
 .text.__libc_init_array
                0x0000000008004760       0x48 c:/st/stm32cubeide_1.6.1/stm32cubeide/plugins/com.st.stm32cube.ide.mcu.externaltools.gnu-tools-for-stm32.9-2020-q2-update.win32_1.5.0.202011040924/tools/bin/../lib/gcc/arm-none-eabi/9.3.1/../../../../arm-none-eabi/lib/thumb/v7e-m+fp/hard\libc_nano.a(lib_a-init.o)
                0x0000000008004760                __libc_init_array
 .text.memset   0x00000000080047a8       0x10 c:/st/stm32cubeide_1.6.1/stm32cubeide/plugins/com.st.stm32cube.ide.mcu.externaltools.gnu-tools-for-stm32.9-2020-q2-update.win32_1.5.0.202011040924/tools/bin/../lib/gcc/arm-none-eabi/9.3.1/../../../../arm-none-eabi/lib/thumb/v7e-m+fp/hard\libc_nano.a(lib_a-memset.o)
                0x00000000080047a8                memset
 .text.printf   0x00000000080047b8       0x30 c:/st/stm32cubeide_1.6.1/stm32cubeide/plugins/com.st.stm32cube.ide.mcu.externaltools.gnu-tools-for-stm32.9-2020-q2-update.win32_1.5.0.202011040924/tools/bin/../lib/gcc/arm-none-eabi/9.3.1/../../../../arm-none-eabi/lib/thumb/v7e-m+fp/hard\libc_nano.a(lib_a-printf.o)
                0x00000000080047b8                iprintf
                0x00000000080047b8                printf
 .text._puts_r  0x00000000080047e8       0xdc c:/st/stm32cubeide_1.6.1/stm32cubeide/plugins/com.st.stm32cube.ide.mcu.externaltools.gnu-tools-for-stm32.9-2020-q2-update.win32_1.5.0.202011040924/tools/bin/../lib/gcc/arm-none-eabi/9.3.1/../../../../arm-none-eabi/lib/thumb/v7e-m+fp/hard\libc_nano.a(lib_a-puts.o)
                0x00000000080047e8                _puts_r
 .text.puts     0x00000000080048c4       0x10 c:/st/stm32cubeide_1.6.1/stm32cubeide/plugins/com.st.stm32cube.ide.mcu.externaltools.gnu-tools-for-stm32.9-2020-q2-update.win32_1.5.0.202011040924/tools/bin/../lib/gcc/arm-none-eabi/9.3.1/../../../../arm-none-eabi/lib/thumb/v7e-m+fp/hard\libc_nano.a(lib_a-puts.o)
                0x00000000080048c4                puts
 .text.__swbuf_r
                0x00000000080048d4       0xa4 c:/st/stm32cubeide_1.6.1/stm32cubeide/plugins/com.st.stm32cube.ide.mcu.externaltools.gnu-tools-for-stm32.9-2020-q2-update.win32_1.5.0.202011040924/tools/bin/../lib/gcc/arm-none-eabi/9.3.1/../../../../arm-none-eabi/lib/thumb/v7e-m+fp/hard\libc_nano.a(lib_a-wbuf.o)
                0x00000000080048d4                __swbuf_r
 .text.__swsetup_r
                0x0000000008004978       0xdc c:/st/stm32cubeide_1.6.1/stm32cubeide/plugins/com.st.stm32cube.ide.mcu.externaltools.gnu-tools-for-stm32.9-2020-q2-update.win32_1.5.0.202011040924/tools/bin/../lib/gcc/arm-none-eabi/9.3.1/../../../../arm-none-eabi/lib/thumb/v7e-m+fp/hard\libc_nano.a(lib_a-wsetup.o)
                0x0000000008004978                __swsetup_r
 .text.__sflush_r
                0x0000000008004a54      0x10c c:/st/stm32cubeide_1.6.1/stm32cubeide/plugins/com.st.stm32cube.ide.mcu.externaltools.gnu-tools-for-stm32.9-2020-q2-update.win32_1.5.0.202011040924/tools/bin/../lib/gcc/arm-none-eabi/9.3.1/../../../../arm-none-eabi/lib/thumb/v7e-m+fp/hard\libc_nano.a(lib_a-fflush.o)
                0x0000000008004a54                __sflush_r
 .text._fflush_r
                0x0000000008004b60       0x78 c:/st/stm32cubeide_1.6.1/stm32cubeide/plugins/com.st.stm32cube.ide.mcu.externaltools.gnu-tools-for-stm32.9-2020-q2-update.win32_1.5.0.202011040924/tools/bin/../lib/gcc/arm-none-eabi/9.3.1/../../../../arm-none-eabi/lib/thumb/v7e-m+fp/hard\libc_nano.a(lib_a-fflush.o)
                0x0000000008004b60                _fflush_r
 .text.std      0x0000000008004bd8       0x48 c:/st/stm32cubeide_1.6.1/stm32cubeide/plugins/com.st.stm32cube.ide.mcu.externaltools.gnu-tools-for-stm32.9-2020-q2-update.win32_1.5.0.202011040924/tools/bin/../lib/gcc/arm-none-eabi/9.3.1/../../../../arm-none-eabi/lib/thumb/v7e-m+fp/hard\libc_nano.a(lib_a-findfp.o)
 .text._cleanup_r
                0x0000000008004c20        0xc c:/st/stm32cubeide_1.6.1/stm32cubeide/plugins/com.st.stm32cube.ide.mcu.externaltools.gnu-tools-for-stm32.9-2020-q2-update.win32_1.5.0.202011040924/tools/bin/../lib/gcc/arm-none-eabi/9.3.1/../../../../arm-none-eabi/lib/thumb/v7e-m+fp/hard\libc_nano.a(lib_a-findfp.o)
                0x0000000008004c20                _cleanup_r
 .text.__sfmoreglue
                0x0000000008004c2c       0x2c c:/st/stm32cubeide_1.6.1/stm32cubeide/plugins/com.st.stm32cube.ide.mcu.externaltools.gnu-tools-for-stm32.9-2020-q2-update.win32_1.5.0.202011040924/tools/bin/../lib/gcc/arm-none-eabi/9.3.1/../../../../arm-none-eabi/lib/thumb/v7e-m+fp/hard\libc_nano.a(lib_a-findfp.o)
                0x0000000008004c2c                __sfmoreglue
 .text.__sfp_lock_acquire
                0x0000000008004c58        0xc c:/st/stm32cubeide_1.6.1/stm32cubeide/plugins/com.st.stm32cube.ide.mcu.externaltools.gnu-tools-for-stm32.9-2020-q2-update.win32_1.5.0.202011040924/tools/bin/../lib/gcc/arm-none-eabi/9.3.1/../../../../arm-none-eabi/lib/thumb/v7e-m+fp/hard\libc_nano.a(lib_a-findfp.o)
                0x0000000008004c58                __sfp_lock_acquire
 .text.__sfp_lock_release
                0x0000000008004c64        0xc c:/st/stm32cubeide_1.6.1/stm32cubeide/plugins/com.st.stm32cube.ide.mcu.externaltools.gnu-tools-for-stm32.9-2020-q2-update.win32_1.5.0.202011040924/tools/bin/../lib/gcc/arm-none-eabi/9.3.1/../../../../arm-none-eabi/lib/thumb/v7e-m+fp/hard\libc_nano.a(lib_a-findfp.o)
                0x0000000008004c64                __sfp_lock_release
 .text.__sinit_lock_acquire
                0x0000000008004c70        0xc c:/st/stm32cubeide_1.6.1/stm32cubeide/plugins/com.st.stm32cube.ide.mcu.externaltools.gnu-tools-for-stm32.9-2020-q2-update.win32_1.5.0.202011040924/tools/bin/../lib/gcc/arm-none-eabi/9.3.1/../../../../arm-none-eabi/lib/thumb/v7e-m+fp/hard\libc_nano.a(lib_a-findfp.o)
                0x0000000008004c70                __sinit_lock_acquire
 .text.__sinit_lock_release
                0x0000000008004c7c        0xc c:/st/stm32cubeide_1.6.1/stm32cubeide/plugins/com.st.stm32cube.ide.mcu.externaltools.gnu-tools-for-stm32.9-2020-q2-update.win32_1.5.0.202011040924/tools/bin/../lib/gcc/arm-none-eabi/9.3.1/../../../../arm-none-eabi/lib/thumb/v7e-m+fp/hard\libc_nano.a(lib_a-findfp.o)
                0x0000000008004c7c                __sinit_lock_release
 .text.__sinit  0x0000000008004c88       0x70 c:/st/stm32cubeide_1.6.1/stm32cubeide/plugins/com.st.stm32cube.ide.mcu.externaltools.gnu-tools-for-stm32.9-2020-q2-update.win32_1.5.0.202011040924/tools/bin/../lib/gcc/arm-none-eabi/9.3.1/../../../../arm-none-eabi/lib/thumb/v7e-m+fp/hard\libc_nano.a(lib_a-findfp.o)
                0x0000000008004c88                __sinit
 .text.__sfp    0x0000000008004cf8       0x8c c:/st/stm32cubeide_1.6.1/stm32cubeide/plugins/com.st.stm32cube.ide.mcu.externaltools.gnu-tools-for-stm32.9-2020-q2-update.win32_1.5.0.202011040924/tools/bin/../lib/gcc/arm-none-eabi/9.3.1/../../../../arm-none-eabi/lib/thumb/v7e-m+fp/hard\libc_nano.a(lib_a-findfp.o)
                0x0000000008004cf8                __sfp
 .text._fwalk_reent
                0x0000000008004d84       0x3e c:/st/stm32cubeide_1.6.1/stm32cubeide/plugins/com.st.stm32cube.ide.mcu.externaltools.gnu-tools-for-stm32.9-2020-q2-update.win32_1.5.0.202011040924/tools/bin/../lib/gcc/arm-none-eabi/9.3.1/../../../../arm-none-eabi/lib/thumb/v7e-m+fp/hard\libc_nano.a(lib_a-fwalk.o)
                0x0000000008004d84                _fwalk_reent
 .text.__retarget_lock_init_recursive
                0x0000000008004dc2        0x2 c:/st/stm32cubeide_1.6.1/stm32cubeide/plugins/com.st.stm32cube.ide.mcu.externaltools.gnu-tools-for-stm32.9-2020-q2-update.win32_1.5.0.202011040924/tools/bin/../lib/gcc/arm-none-eabi/9.3.1/../../../../arm-none-eabi/lib/thumb/v7e-m+fp/hard\libc_nano.a(lib_a-lock.o)
                0x0000000008004dc2                __retarget_lock_init_recursive
 .text.__retarget_lock_acquire_recursive
                0x0000000008004dc4        0x2 c:/st/stm32cubeide_1.6.1/stm32cubeide/plugins/com.st.stm32cube.ide.mcu.externaltools.gnu-tools-for-stm32.9-2020-q2-update.win32_1.5.0.202011040924/tools/bin/../lib/gcc/arm-none-eabi/9.3.1/../../../../arm-none-eabi/lib/thumb/v7e-m+fp/hard\libc_nano.a(lib_a-lock.o)
                0x0000000008004dc4                __retarget_lock_acquire_recursive
 .text.__retarget_lock_release_recursive
                0x0000000008004dc6        0x2 c:/st/stm32cubeide_1.6.1/stm32cubeide/plugins/com.st.stm32cube.ide.mcu.externaltools.gnu-tools-for-stm32.9-2020-q2-update.win32_1.5.0.202011040924/tools/bin/../lib/gcc/arm-none-eabi/9.3.1/../../../../arm-none-eabi/lib/thumb/v7e-m+fp/hard\libc_nano.a(lib_a-lock.o)
                0x0000000008004dc6                __retarget_lock_release_recursive
 .text.__swhatbuf_r
                0x0000000008004dc8       0x48 c:/st/stm32cubeide_1.6.1/stm32cubeide/plugins/com.st.stm32cube.ide.mcu.externaltools.gnu-tools-for-stm32.9-2020-q2-update.win32_1.5.0.202011040924/tools/bin/../lib/gcc/arm-none-eabi/9.3.1/../../../../arm-none-eabi/lib/thumb/v7e-m+fp/hard\libc_nano.a(lib_a-makebuf.o)
                0x0000000008004dc8                __swhatbuf_r
 .text.__smakebuf_r
                0x0000000008004e10       0x80 c:/st/stm32cubeide_1.6.1/stm32cubeide/plugins/com.st.stm32cube.ide.mcu.externaltools.gnu-tools-for-stm32.9-2020-q2-update.win32_1.5.0.202011040924/tools/bin/../lib/gcc/arm-none-eabi/9.3.1/../../../../arm-none-eabi/lib/thumb/v7e-m+fp/hard\libc_nano.a(lib_a-makebuf.o)
                0x0000000008004e10                __smakebuf_r
 .text._free_r  0x0000000008004e90       0xa0 c:/st/stm32cubeide_1.6.1/stm32cubeide/plugins/com.st.stm32cube.ide.mcu.externaltools.gnu-tools-for-stm32.9-2020-q2-update.win32_1.5.0.202011040924/tools/bin/../lib/gcc/arm-none-eabi/9.3.1/../../../../arm-none-eabi/lib/thumb/v7e-m+fp/hard\libc_nano.a(lib_a-nano-freer.o)
                0x0000000008004e90                _free_r
 .text._malloc_r
                0x0000000008004f30       0xb4 c:/st/stm32cubeide_1.6.1/stm32cubeide/plugins/com.st.stm32cube.ide.mcu.externaltools.gnu-tools-for-stm32.9-2020-q2-update.win32_1.5.0.202011040924/tools/bin/../lib/gcc/arm-none-eabi/9.3.1/../../../../arm-none-eabi/lib/thumb/v7e-m+fp/hard\libc_nano.a(lib_a-nano-mallocr.o)
                0x0000000008004f30                _malloc_r
 .text.__sfputc_r
                0x0000000008004fe4       0x2e c:/st/stm32cubeide_1.6.1/stm32cubeide/plugins/com.st.stm32cube.ide.mcu.externaltools.gnu-tools-for-stm32.9-2020-q2-update.win32_1.5.0.202011040924/tools/bin/../lib/gcc/arm-none-eabi/9.3.1/../../../../arm-none-eabi/lib/thumb/v7e-m+fp/hard\libc_nano.a(lib_a-nano-vfprintf.o)
 .text.__sfputs_r
                0x0000000008005012       0x24 c:/st/stm32cubeide_1.6.1/stm32cubeide/plugins/com.st.stm32cube.ide.mcu.externaltools.gnu-tools-for-stm32.9-2020-q2-update.win32_1.5.0.202011040924/tools/bin/../lib/gcc/arm-none-eabi/9.3.1/../../../../arm-none-eabi/lib/thumb/v7e-m+fp/hard\libc_nano.a(lib_a-nano-vfprintf.o)
                0x0000000008005012                __sfputs_r
 *fill*         0x0000000008005036        0x2 
 .text._vfprintf_r
                0x0000000008005038      0x260 c:/st/stm32cubeide_1.6.1/stm32cubeide/plugins/com.st.stm32cube.ide.mcu.externaltools.gnu-tools-for-stm32.9-2020-q2-update.win32_1.5.0.202011040924/tools/bin/../lib/gcc/arm-none-eabi/9.3.1/../../../../arm-none-eabi/lib/thumb/v7e-m+fp/hard\libc_nano.a(lib_a-nano-vfprintf.o)
                0x0000000008005038                _vfprintf_r
                0x0000000008005038                _vfiprintf_r
 .text._printf_common
                0x0000000008005298       0xda c:/st/stm32cubeide_1.6.1/stm32cubeide/plugins/com.st.stm32cube.ide.mcu.externaltools.gnu-tools-for-stm32.9-2020-q2-update.win32_1.5.0.202011040924/tools/bin/../lib/gcc/arm-none-eabi/9.3.1/../../../../arm-none-eabi/lib/thumb/v7e-m+fp/hard\libc_nano.a(lib_a-nano-vfprintf_i.o)
                0x0000000008005298                _printf_common
 *fill*         0x0000000008005372        0x2 
 .text._printf_i
                0x0000000008005374      0x24c c:/st/stm32cubeide_1.6.1/stm32cubeide/plugins/com.st.stm32cube.ide.mcu.externaltools.gnu-tools-for-stm32.9-2020-q2-update.win32_1.5.0.202011040924/tools/bin/../lib/gcc/arm-none-eabi/9.3.1/../../../../arm-none-eabi/lib/thumb/v7e-m+fp/hard\libc_nano.a(lib_a-nano-vfprintf_i.o)
                0x0000000008005374                _printf_i
 .text._sbrk_r  0x00000000080055c0       0x20 c:/st/stm32cubeide_1.6.1/stm32cubeide/plugins/com.st.stm32cube.ide.mcu.externaltools.gnu-tools-for-stm32.9-2020-q2-update.win32_1.5.0.202011040924/tools/bin/../lib/gcc/arm-none-eabi/9.3.1/../../../../arm-none-eabi/lib/thumb/v7e-m+fp/hard\libc_nano.a(lib_a-sbrkr.o)
                0x00000000080055c0                _sbrk_r
 .text.__sread  0x00000000080055e0       0x22 c:/st/stm32cubeide_1.6.1/stm32cubeide/plugins/com.st.stm32cube.ide.mcu.externaltools.gnu-tools-for-stm32.9-2020-q2-update.win32_1.5.0.202011040924/tools/bin/../lib/gcc/arm-none-eabi/9.3.1/../../../../arm-none-eabi/lib/thumb/v7e-m+fp/hard\libc_nano.a(lib_a-stdio.o)
                0x00000000080055e0                __sread
 .text.__swrite
                0x0000000008005602       0x38 c:/st/stm32cubeide_1.6.1/stm32cubeide/plugins/com.st.stm32cube.ide.mcu.externaltools.gnu-tools-for-stm32.9-2020-q2-update.win32_1.5.0.202011040924/tools/bin/../lib/gcc/arm-none-eabi/9.3.1/../../../../arm-none-eabi/lib/thumb/v7e-m+fp/hard\libc_nano.a(lib_a-stdio.o)
                0x0000000008005602                __swrite
 .text.__sseek  0x000000000800563a       0x24 c:/st/stm32cubeide_1.6.1/stm32cubeide/plugins/com.st.stm32cube.ide.mcu.externaltools.gnu-tools-for-stm32.9-2020-q2-update.win32_1.5.0.202011040924/tools/bin/../lib/gcc/arm-none-eabi/9.3.1/../../../../arm-none-eabi/lib/thumb/v7e-m+fp/hard\libc_nano.a(lib_a-stdio.o)
                0x000000000800563a                __sseek
 .text.__sclose
                0x000000000800565e        0x8 c:/st/stm32cubeide_1.6.1/stm32cubeide/plugins/com.st.stm32cube.ide.mcu.externaltools.gnu-tools-for-stm32.9-2020-q2-update.win32_1.5.0.202011040924/tools/bin/../lib/gcc/arm-none-eabi/9.3.1/../../../../arm-none-eabi/lib/thumb/v7e-m+fp/hard\libc_nano.a(lib_a-stdio.o)
                0x000000000800565e                __sclose
 *fill*         0x0000000008005666        0x2 
 .text._write_r
                0x0000000008005668       0x24 c:/st/stm32cubeide_1.6.1/stm32cubeide/plugins/com.st.stm32cube.ide.mcu.externaltools.gnu-tools-for-stm32.9-2020-q2-update.win32_1.5.0.202011040924/tools/bin/../lib/gcc/arm-none-eabi/9.3.1/../../../../arm-none-eabi/lib/thumb/v7e-m+fp/hard\libc_nano.a(lib_a-writer.o)
                0x0000000008005668                _write_r
 .text._close_r
                0x000000000800568c       0x20 c:/st/stm32cubeide_1.6.1/stm32cubeide/plugins/com.st.stm32cube.ide.mcu.externaltools.gnu-tools-for-stm32.9-2020-q2-update.win32_1.5.0.202011040924/tools/bin/../lib/gcc/arm-none-eabi/9.3.1/../../../../arm-none-eabi/lib/thumb/v7e-m+fp/hard\libc_nano.a(lib_a-closer.o)
                0x000000000800568c                _close_r
 .text._fstat_r
                0x00000000080056ac       0x24 c:/st/stm32cubeide_1.6.1/stm32cubeide/plugins/com.st.stm32cube.ide.mcu.externaltools.gnu-tools-for-stm32.9-2020-q2-update.win32_1.5.0.202011040924/tools/bin/../lib/gcc/arm-none-eabi/9.3.1/../../../../arm-none-eabi/lib/thumb/v7e-m+fp/hard\libc_nano.a(lib_a-fstatr.o)
                0x00000000080056ac                _fstat_r
 .text._isatty_r
                0x00000000080056d0       0x20 c:/st/stm32cubeide_1.6.1/stm32cubeide/plugins/com.st.stm32cube.ide.mcu.externaltools.gnu-tools-for-stm32.9-2020-q2-update.win32_1.5.0.202011040924/tools/bin/../lib/gcc/arm-none-eabi/9.3.1/../../../../arm-none-eabi/lib/thumb/v7e-m+fp/hard\libc_nano.a(lib_a-isattyr.o)
                0x00000000080056d0                _isatty_r
 .text._lseek_r
                0x00000000080056f0       0x24 c:/st/stm32cubeide_1.6.1/stm32cubeide/plugins/com.st.stm32cube.ide.mcu.externaltools.gnu-tools-for-stm32.9-2020-q2-update.win32_1.5.0.202011040924/tools/bin/../lib/gcc/arm-none-eabi/9.3.1/../../../../arm-none-eabi/lib/thumb/v7e-m+fp/hard\libc_nano.a(lib_a-lseekr.o)
                0x00000000080056f0                _lseek_r
 .text.__malloc_lock
                0x0000000008005714        0xc c:/st/stm32cubeide_1.6.1/stm32cubeide/plugins/com.st.stm32cube.ide.mcu.externaltools.gnu-tools-for-stm32.9-2020-q2-update.win32_1.5.0.202011040924/tools/bin/../lib/gcc/arm-none-eabi/9.3.1/../../../../arm-none-eabi/lib/thumb/v7e-m+fp/hard\libc_nano.a(lib_a-mlock.o)
                0x0000000008005714                __malloc_lock
 .text.__malloc_unlock
                0x0000000008005720        0xc c:/st/stm32cubeide_1.6.1/stm32cubeide/plugins/com.st.stm32cube.ide.mcu.externaltools.gnu-tools-for-stm32.9-2020-q2-update.win32_1.5.0.202011040924/tools/bin/../lib/gcc/arm-none-eabi/9.3.1/../../../../arm-none-eabi/lib/thumb/v7e-m+fp/hard\libc_nano.a(lib_a-mlock.o)
                0x0000000008005720                __malloc_unlock
 .text._read_r  0x000000000800572c       0x24 c:/st/stm32cubeide_1.6.1/stm32cubeide/plugins/com.st.stm32cube.ide.mcu.externaltools.gnu-tools-for-stm32.9-2020-q2-update.win32_1.5.0.202011040924/tools/bin/../lib/gcc/arm-none-eabi/9.3.1/../../../../arm-none-eabi/lib/thumb/v7e-m+fp/hard\libc_nano.a(lib_a-readr.o)
                0x000000000800572c                _read_r
 *(.glue_7)
 .glue_7        0x0000000008005750        0x0 linker stubs
 *(.glue_7t)
 .glue_7t       0x0000000008005750        0x0 linker stubs
 *(.eh_frame)
 .eh_frame      0x0000000008005750        0x0 c:/st/stm32cubeide_1.6.1/stm32cubeide/plugins/com.st.stm32cube.ide.mcu.externaltools.gnu-tools-for-stm32.9-2020-q2-update.win32_1.5.0.202011040924/tools/bin/../lib/gcc/arm-none-eabi/9.3.1/thumb/v7e-m+fp/hard/crtbegin.o
 *(.init)
 .init          0x0000000008005750        0x4 c:/st/stm32cubeide_1.6.1/stm32cubeide/plugins/com.st.stm32cube.ide.mcu.externaltools.gnu-tools-for-stm32.9-2020-q2-update.win32_1.5.0.202011040924/tools/bin/../lib/gcc/arm-none-eabi/9.3.1/thumb/v7e-m+fp/hard/crti.o
                0x0000000008005750                _init
 .init          0x0000000008005754        0x8 c:/st/stm32cubeide_1.6.1/stm32cubeide/plugins/com.st.stm32cube.ide.mcu.externaltools.gnu-tools-for-stm32.9-2020-q2-update.win32_1.5.0.202011040924/tools/bin/../lib/gcc/arm-none-eabi/9.3.1/thumb/v7e-m+fp/hard/crtn.o
 *(.fini)
 .fini          0x000000000800575c        0x4 c:/st/stm32cubeide_1.6.1/stm32cubeide/plugins/com.st.stm32cube.ide.mcu.externaltools.gnu-tools-for-stm32.9-2020-q2-update.win32_1.5.0.202011040924/tools/bin/../lib/gcc/arm-none-eabi/9.3.1/thumb/v7e-m+fp/hard/crti.o
                0x000000000800575c                _fini
 .fini          0x0000000008005760        0x8 c:/st/stm32cubeide_1.6.1/stm32cubeide/plugins/com.st.stm32cube.ide.mcu.externaltools.gnu-tools-for-stm32.9-2020-q2-update.win32_1.5.0.202011040924/tools/bin/../lib/gcc/arm-none-eabi/9.3.1/thumb/v7e-m+fp/hard/crtn.o
                0x0000000008005768                . = ALIGN (0x4)
                0x0000000008005768                _etext = .

.vfp11_veneer   0x0000000008005768        0x0
 .vfp11_veneer  0x0000000008005768        0x0 linker stubs

.v4_bx          0x0000000008005768        0x0
 .v4_bx         0x0000000008005768        0x0 linker stubs

.iplt           0x0000000008005768        0x0
 .iplt          0x0000000008005768        0x0 c:/st/stm32cubeide_1.6.1/stm32cubeide/plugins/com.st.stm32cube.ide.mcu.externaltools.gnu-tools-for-stm32.9-2020-q2-update.win32_1.5.0.202011040924/tools/bin/../lib/gcc/arm-none-eabi/9.3.1/thumb/v7e-m+fp/hard/crtbegin.o

.rodata         0x0000000008005768      0x194
                0x0000000008005768                . = ALIGN (0x4)
 *(.rodata)
 .rodata        0x0000000008005768       0x14 Core/Src/main.o
 *(.rodata*)
 .rodata.wrappers
                0x000000000800577c       0x58 Core/Src/gpio_wrapper.o
 .rodata.gpio2hal_map
                0x00000000080057d4       0x2c Core/Src/gpio_wrapper.o
 .rodata.irq_nums
                0x0000000008005800       0x2c Core/Src/gpio_wrapper.o
 .rodata.AHBPrescTable
                0x000000000800582c       0x10 Core/Src/system_stm32f3xx.o
                0x000000000800582c                AHBPrescTable
 .rodata.APBPrescTable
                0x000000000800583c        0x8 Core/Src/system_stm32f3xx.o
                0x000000000800583c                APBPrescTable
 .rodata.aPLLMULFactorTable
                0x0000000008005844       0x10 Drivers/STM32F3xx_HAL_Driver/Src/stm32f3xx_hal_rcc.o
 .rodata.aPredivFactorTable
                0x0000000008005854       0x10 Drivers/STM32F3xx_HAL_Driver/Src/stm32f3xx_hal_rcc.o
 .rodata._global_impure_ptr
                0x0000000008005864        0x4 c:/st/stm32cubeide_1.6.1/stm32cubeide/plugins/com.st.stm32cube.ide.mcu.externaltools.gnu-tools-for-stm32.9-2020-q2-update.win32_1.5.0.202011040924/tools/bin/../lib/gcc/arm-none-eabi/9.3.1/../../../../arm-none-eabi/lib/thumb/v7e-m+fp/hard\libc_nano.a(lib_a-impure.o)
                0x0000000008005864                _global_impure_ptr
 .rodata.__sf_fake_stderr
                0x0000000008005868       0x20 c:/st/stm32cubeide_1.6.1/stm32cubeide/plugins/com.st.stm32cube.ide.mcu.externaltools.gnu-tools-for-stm32.9-2020-q2-update.win32_1.5.0.202011040924/tools/bin/../lib/gcc/arm-none-eabi/9.3.1/../../../../arm-none-eabi/lib/thumb/v7e-m+fp/hard\libc_nano.a(lib_a-findfp.o)
                0x0000000008005868                __sf_fake_stderr
 .rodata.__sf_fake_stdin
                0x0000000008005888       0x20 c:/st/stm32cubeide_1.6.1/stm32cubeide/plugins/com.st.stm32cube.ide.mcu.externaltools.gnu-tools-for-stm32.9-2020-q2-update.win32_1.5.0.202011040924/tools/bin/../lib/gcc/arm-none-eabi/9.3.1/../../../../arm-none-eabi/lib/thumb/v7e-m+fp/hard\libc_nano.a(lib_a-findfp.o)
                0x0000000008005888                __sf_fake_stdin
 .rodata.__sf_fake_stdout
                0x00000000080058a8       0x20 c:/st/stm32cubeide_1.6.1/stm32cubeide/plugins/com.st.stm32cube.ide.mcu.externaltools.gnu-tools-for-stm32.9-2020-q2-update.win32_1.5.0.202011040924/tools/bin/../lib/gcc/arm-none-eabi/9.3.1/../../../../arm-none-eabi/lib/thumb/v7e-m+fp/hard\libc_nano.a(lib_a-findfp.o)
                0x00000000080058a8                __sf_fake_stdout
 .rodata._vfprintf_r.str1.1
                0x00000000080058c8       0x11 c:/st/stm32cubeide_1.6.1/stm32cubeide/plugins/com.st.stm32cube.ide.mcu.externaltools.gnu-tools-for-stm32.9-2020-q2-update.win32_1.5.0.202011040924/tools/bin/../lib/gcc/arm-none-eabi/9.3.1/../../../../arm-none-eabi/lib/thumb/v7e-m+fp/hard\libc_nano.a(lib_a-nano-vfprintf.o)
 .rodata._printf_i.str1.1
                0x00000000080058d9       0x22 c:/st/stm32cubeide_1.6.1/stm32cubeide/plugins/com.st.stm32cube.ide.mcu.externaltools.gnu-tools-for-stm32.9-2020-q2-update.win32_1.5.0.202011040924/tools/bin/../lib/gcc/arm-none-eabi/9.3.1/../../../../arm-none-eabi/lib/thumb/v7e-m+fp/hard\libc_nano.a(lib_a-nano-vfprintf_i.o)
                0x00000000080058fc                . = ALIGN (0x4)
 *fill*         0x00000000080058fb        0x1 

.rel.dyn        0x00000000080058fc        0x0
 .rel.iplt      0x00000000080058fc        0x0 c:/st/stm32cubeide_1.6.1/stm32cubeide/plugins/com.st.stm32cube.ide.mcu.externaltools.gnu-tools-for-stm32.9-2020-q2-update.win32_1.5.0.202011040924/tools/bin/../lib/gcc/arm-none-eabi/9.3.1/thumb/v7e-m+fp/hard/crtbegin.o

.ARM.extab      0x00000000080058fc        0x0
                0x00000000080058fc                . = ALIGN (0x4)
 *(.ARM.extab* .gnu.linkonce.armextab.*)
                0x00000000080058fc                . = ALIGN (0x4)

.ARM            0x00000000080058fc        0x0
                0x00000000080058fc                . = ALIGN (0x4)
                0x00000000080058fc                __exidx_start = .
 *(.ARM.exidx*)
                0x00000000080058fc                __exidx_end = .
                0x00000000080058fc                . = ALIGN (0x4)

.preinit_array  0x00000000080058fc        0x0
                0x00000000080058fc                . = ALIGN (0x4)
                0x00000000080058fc                PROVIDE (__preinit_array_start = .)
 *(.preinit_array*)
                0x00000000080058fc                PROVIDE (__preinit_array_end = .)
                0x00000000080058fc                . = ALIGN (0x4)

.init_array     0x00000000080058fc        0x4
                0x00000000080058fc                . = ALIGN (0x4)
                0x00000000080058fc                PROVIDE (__init_array_start = .)
 *(SORT_BY_NAME(.init_array.*))
 *(.init_array*)
 .init_array    0x00000000080058fc        0x4 c:/st/stm32cubeide_1.6.1/stm32cubeide/plugins/com.st.stm32cube.ide.mcu.externaltools.gnu-tools-for-stm32.9-2020-q2-update.win32_1.5.0.202011040924/tools/bin/../lib/gcc/arm-none-eabi/9.3.1/thumb/v7e-m+fp/hard/crtbegin.o
                0x0000000008005900                PROVIDE (__init_array_end = .)
                0x0000000008005900                . = ALIGN (0x4)

.fini_array     0x0000000008005900        0x4
                0x0000000008005900                . = ALIGN (0x4)
                [!provide]                        PROVIDE (__fini_array_start = .)
 *(SORT_BY_NAME(.fini_array.*))
 *(.fini_array*)
 .fini_array    0x0000000008005900        0x4 c:/st/stm32cubeide_1.6.1/stm32cubeide/plugins/com.st.stm32cube.ide.mcu.externaltools.gnu-tools-for-stm32.9-2020-q2-update.win32_1.5.0.202011040924/tools/bin/../lib/gcc/arm-none-eabi/9.3.1/thumb/v7e-m+fp/hard/crtbegin.o
                [!provide]                        PROVIDE (__fini_array_end = .)
                0x0000000008005904                . = ALIGN (0x4)
                0x0000000008005904                _sidata = LOADADDR (.data)

.data           0x0000000020000000       0x70 load address 0x0000000008005904
                0x0000000020000000                . = ALIGN (0x4)
                0x0000000020000000                _sdata = .
 *(.data)
 *(.data*)
 .data.SystemCoreClock
                0x0000000020000000        0x4 Core/Src/system_stm32f3xx.o
                0x0000000020000000                SystemCoreClock
 .data.uwTickPrio
                0x0000000020000004        0x4 Drivers/STM32F3xx_HAL_Driver/Src/stm32f3xx_hal.o
                0x0000000020000004                uwTickPrio
 .data.uwTickFreq
                0x0000000020000008        0x1 Drivers/STM32F3xx_HAL_Driver/Src/stm32f3xx_hal.o
                0x0000000020000008                uwTickFreq
 *fill*         0x0000000020000009        0x3 
 .data._impure_ptr
                0x000000002000000c        0x4 c:/st/stm32cubeide_1.6.1/stm32cubeide/plugins/com.st.stm32cube.ide.mcu.externaltools.gnu-tools-for-stm32.9-2020-q2-update.win32_1.5.0.202011040924/tools/bin/../lib/gcc/arm-none-eabi/9.3.1/../../../../arm-none-eabi/lib/thumb/v7e-m+fp/hard\libc_nano.a(lib_a-impure.o)
                0x000000002000000c                _impure_ptr
 .data.impure_data
                0x0000000020000010       0x60 c:/st/stm32cubeide_1.6.1/stm32cubeide/plugins/com.st.stm32cube.ide.mcu.externaltools.gnu-tools-for-stm32.9-2020-q2-update.win32_1.5.0.202011040924/tools/bin/../lib/gcc/arm-none-eabi/9.3.1/../../../../arm-none-eabi/lib/thumb/v7e-m+fp/hard\libc_nano.a(lib_a-impure.o)
 *(.RamFunc)
 *(.RamFunc*)
                0x0000000020000070                . = ALIGN (0x4)
                0x0000000020000070                _edata = .

.igot.plt       0x0000000020000070        0x0 load address 0x0000000008005974
 .igot.plt      0x0000000020000070        0x0 c:/st/stm32cubeide_1.6.1/stm32cubeide/plugins/com.st.stm32cube.ide.mcu.externaltools.gnu-tools-for-stm32.9-2020-q2-update.win32_1.5.0.202011040924/tools/bin/../lib/gcc/arm-none-eabi/9.3.1/thumb/v7e-m+fp/hard/crtbegin.o
                0x0000000020000070                . = ALIGN (0x4)

.bss            0x0000000020000070      0x2ac load address 0x0000000008005974
                0x0000000020000070                _sbss = .
                0x0000000020000070                __bss_start__ = _sbss
 *(.bss)
 .bss           0x0000000020000070       0x1c c:/st/stm32cubeide_1.6.1/stm32cubeide/plugins/com.st.stm32cube.ide.mcu.externaltools.gnu-tools-for-stm32.9-2020-q2-update.win32_1.5.0.202011040924/tools/bin/../lib/gcc/arm-none-eabi/9.3.1/thumb/v7e-m+fp/hard/crtbegin.o
 *(.bss*)
 .bss.pin_handlers
                0x000000002000008c       0x2c Core/Src/gpio_wrapper.o
                0x000000002000008c                pin_handlers
 .bss.__sbrk_heap_end
                0x00000000200000b8        0x4 Core/Src/sysmem.o
 .bss.__malloc_free_list
                0x00000000200000bc        0x4 c:/st/stm32cubeide_1.6.1/stm32cubeide/plugins/com.st.stm32cube.ide.mcu.externaltools.gnu-tools-for-stm32.9-2020-q2-update.win32_1.5.0.202011040924/tools/bin/../lib/gcc/arm-none-eabi/9.3.1/../../../../arm-none-eabi/lib/thumb/v7e-m+fp/hard\libc_nano.a(lib_a-nano-mallocr.o)
                0x00000000200000bc                __malloc_free_list
 .bss.__malloc_sbrk_start
                0x00000000200000c0        0x4 c:/st/stm32cubeide_1.6.1/stm32cubeide/plugins/com.st.stm32cube.ide.mcu.externaltools.gnu-tools-for-stm32.9-2020-q2-update.win32_1.5.0.202011040924/tools/bin/../lib/gcc/arm-none-eabi/9.3.1/../../../../arm-none-eabi/lib/thumb/v7e-m+fp/hard\libc_nano.a(lib_a-nano-mallocr.o)
                0x00000000200000c0                __malloc_sbrk_start
 *(COMMON)
 COMMON         0x00000000200000c4      0x1c0 Core/Src/main.o
                0x00000000200000c4                htim4
                0x0000000020000110                hi2c1
                0x0000000020000164                htim3
                0x00000000200001b0                huart1
                0x0000000020000238                htim2
 COMMON         0x0000000020000284       0x84 Core/Src/sched.o
                0x0000000020000284                sched
 COMMON         0x0000000020000308        0x4 Drivers/STM32F3xx_HAL_Driver/Src/stm32f3xx_hal.o
                0x0000000020000308                uwTick
 COMMON         0x000000002000030c        0x9 c:/st/stm32cubeide_1.6.1/stm32cubeide/plugins/com.st.stm32cube.ide.mcu.externaltools.gnu-tools-for-stm32.9-2020-q2-update.win32_1.5.0.202011040924/tools/bin/../lib/gcc/arm-none-eabi/9.3.1/../../../../arm-none-eabi/lib/thumb/v7e-m+fp/hard\libc_nano.a(lib_a-lock.o)
                0x000000002000030c                __lock___atexit_recursive_mutex
                0x000000002000030d                __lock___arc4random_mutex
                0x000000002000030e                __lock___env_recursive_mutex
                0x000000002000030f                __lock___sinit_recursive_mutex
                0x0000000020000310                __lock___malloc_recursive_mutex
                0x0000000020000311                __lock___at_quick_exit_mutex
                0x0000000020000312                __lock___dd_hash_mutex
                0x0000000020000313                __lock___tz_mutex
                0x0000000020000314                __lock___sfp_recursive_mutex
 *fill*         0x0000000020000315        0x3 
 COMMON         0x0000000020000318        0x4 c:/st/stm32cubeide_1.6.1/stm32cubeide/plugins/com.st.stm32cube.ide.mcu.externaltools.gnu-tools-for-stm32.9-2020-q2-update.win32_1.5.0.202011040924/tools/bin/../lib/gcc/arm-none-eabi/9.3.1/../../../../arm-none-eabi/lib/thumb/v7e-m+fp/hard\libc_nano.a(lib_a-reent.o)
                0x0000000020000318                errno
                0x000000002000031c                . = ALIGN (0x4)
                0x000000002000031c                _ebss = .
                0x000000002000031c                __bss_end__ = _ebss

._user_heap_stack
                0x000000002000031c      0x604 load address 0x0000000008005974
                0x0000000020000320                . = ALIGN (0x8)
 *fill*         0x000000002000031c        0x4 
                [!provide]                        PROVIDE (end = .)
                0x0000000020000320                PROVIDE (_end = .)
                0x0000000020000520                . = (. + _Min_Heap_Size)
 *fill*         0x0000000020000320      0x200 
                0x0000000020000920                . = (. + _Min_Stack_Size)
 *fill*         0x0000000020000520      0x400 
                0x0000000020000920                . = ALIGN (0x8)

/DISCARD/
 libc.a(*)
 libm.a(*)
 libgcc.a(*)

.ARM.attributes
                0x0000000000000000       0x30
 *(.ARM.attributes)
 .ARM.attributes
                0x0000000000000000       0x1e c:/st/stm32cubeide_1.6.1/stm32cubeide/plugins/com.st.stm32cube.ide.mcu.externaltools.gnu-tools-for-stm32.9-2020-q2-update.win32_1.5.0.202011040924/tools/bin/../lib/gcc/arm-none-eabi/9.3.1/thumb/v7e-m+fp/hard/crti.o
 .ARM.attributes
                0x000000000000001e       0x34 c:/st/stm32cubeide_1.6.1/stm32cubeide/plugins/com.st.stm32cube.ide.mcu.externaltools.gnu-tools-for-stm32.9-2020-q2-update.win32_1.5.0.202011040924/tools/bin/../lib/gcc/arm-none-eabi/9.3.1/thumb/v7e-m+fp/hard/crtbegin.o
 .ARM.attributes
                0x0000000000000052       0x34 Core/Src/gpio_wrapper.o
 .ARM.attributes
                0x0000000000000086       0x34 Core/Src/main.o
 .ARM.attributes
                0x00000000000000ba       0x34 Core/Src/sched.o
 .ARM.attributes
                0x00000000000000ee       0x34 Core/Src/stm32f3xx_hal_msp.o
 .ARM.attributes
                0x0000000000000122       0x34 Core/Src/stm32f3xx_it.o
 .ARM.attributes
                0x0000000000000156       0x34 Core/Src/syscalls.o
 .ARM.attributes
                0x000000000000018a       0x34 Core/Src/sysmem.o
 .ARM.attributes
                0x00000000000001be       0x34 Core/Src/system_stm32f3xx.o
 .ARM.attributes
                0x00000000000001f2       0x21 Core/Startup/startup_stm32f303cbtx.o
 .ARM.attributes
                0x0000000000000213       0x34 Drivers/STM32F3xx_HAL_Driver/Src/stm32f3xx_hal.o
 .ARM.attributes
                0x0000000000000247       0x34 Drivers/STM32F3xx_HAL_Driver/Src/stm32f3xx_hal_cortex.o
 .ARM.attributes
                0x000000000000027b       0x34 Drivers/STM32F3xx_HAL_Driver/Src/stm32f3xx_hal_gpio.o
 .ARM.attributes
                0x00000000000002af       0x34 Drivers/STM32F3xx_HAL_Driver/Src/stm32f3xx_hal_i2c.o
 .ARM.attributes
                0x00000000000002e3       0x34 Drivers/STM32F3xx_HAL_Driver/Src/stm32f3xx_hal_i2c_ex.o
 .ARM.attributes
                0x0000000000000317       0x34 Drivers/STM32F3xx_HAL_Driver/Src/stm32f3xx_hal_rcc.o
 .ARM.attributes
                0x000000000000034b       0x34 Drivers/STM32F3xx_HAL_Driver/Src/stm32f3xx_hal_rcc_ex.o
 .ARM.attributes
                0x000000000000037f       0x34 Drivers/STM32F3xx_HAL_Driver/Src/stm32f3xx_hal_tim.o
 .ARM.attributes
                0x00000000000003b3       0x34 Drivers/STM32F3xx_HAL_Driver/Src/stm32f3xx_hal_tim_ex.o
 .ARM.attributes
                0x00000000000003e7       0x34 Drivers/STM32F3xx_HAL_Driver/Src/stm32f3xx_hal_uart.o
 .ARM.attributes
                0x000000000000041b       0x34 c:/st/stm32cubeide_1.6.1/stm32cubeide/plugins/com.st.stm32cube.ide.mcu.externaltools.gnu-tools-for-stm32.9-2020-q2-update.win32_1.5.0.202011040924/tools/bin/../lib/gcc/arm-none-eabi/9.3.1/../../../../arm-none-eabi/lib/thumb/v7e-m+fp/hard\libc_nano.a(lib_a-errno.o)
 .ARM.attributes
                0x000000000000044f       0x32 c:/st/stm32cubeide_1.6.1/stm32cubeide/plugins/com.st.stm32cube.ide.mcu.externaltools.gnu-tools-for-stm32.9-2020-q2-update.win32_1.5.0.202011040924/tools/bin/../lib/gcc/arm-none-eabi/9.3.1/../../../../arm-none-eabi/lib/thumb/v7e-m+fp/hard\libc_nano.a(lib_a-impure.o)
 .ARM.attributes
                0x0000000000000481       0x34 c:/st/stm32cubeide_1.6.1/stm32cubeide/plugins/com.st.stm32cube.ide.mcu.externaltools.gnu-tools-for-stm32.9-2020-q2-update.win32_1.5.0.202011040924/tools/bin/../lib/gcc/arm-none-eabi/9.3.1/../../../../arm-none-eabi/lib/thumb/v7e-m+fp/hard\libc_nano.a(lib_a-init.o)
 .ARM.attributes
                0x00000000000004b5       0x34 c:/st/stm32cubeide_1.6.1/stm32cubeide/plugins/com.st.stm32cube.ide.mcu.externaltools.gnu-tools-for-stm32.9-2020-q2-update.win32_1.5.0.202011040924/tools/bin/../lib/gcc/arm-none-eabi/9.3.1/../../../../arm-none-eabi/lib/thumb/v7e-m+fp/hard\libc_nano.a(lib_a-memset.o)
 .ARM.attributes
                0x00000000000004e9       0x34 c:/st/stm32cubeide_1.6.1/stm32cubeide/plugins/com.st.stm32cube.ide.mcu.externaltools.gnu-tools-for-stm32.9-2020-q2-update.win32_1.5.0.202011040924/tools/bin/../lib/gcc/arm-none-eabi/9.3.1/../../../../arm-none-eabi/lib/thumb/v7e-m+fp/hard\libc_nano.a(lib_a-printf.o)
 .ARM.attributes
                0x000000000000051d       0x34 c:/st/stm32cubeide_1.6.1/stm32cubeide/plugins/com.st.stm32cube.ide.mcu.externaltools.gnu-tools-for-stm32.9-2020-q2-update.win32_1.5.0.202011040924/tools/bin/../lib/gcc/arm-none-eabi/9.3.1/../../../../arm-none-eabi/lib/thumb/v7e-m+fp/hard\libc_nano.a(lib_a-puts.o)
 .ARM.attributes
                0x0000000000000551       0x34 c:/st/stm32cubeide_1.6.1/stm32cubeide/plugins/com.st.stm32cube.ide.mcu.externaltools.gnu-tools-for-stm32.9-2020-q2-update.win32_1.5.0.202011040924/tools/bin/../lib/gcc/arm-none-eabi/9.3.1/../../../../arm-none-eabi/lib/thumb/v7e-m+fp/hard\libc_nano.a(lib_a-wbuf.o)
 .ARM.attributes
                0x0000000000000585       0x34 c:/st/stm32cubeide_1.6.1/stm32cubeide/plugins/com.st.stm32cube.ide.mcu.externaltools.gnu-tools-for-stm32.9-2020-q2-update.win32_1.5.0.202011040924/tools/bin/../lib/gcc/arm-none-eabi/9.3.1/../../../../arm-none-eabi/lib/thumb/v7e-m+fp/hard\libc_nano.a(lib_a-wsetup.o)
 .ARM.attributes
                0x00000000000005b9       0x34 c:/st/stm32cubeide_1.6.1/stm32cubeide/plugins/com.st.stm32cube.ide.mcu.externaltools.gnu-tools-for-stm32.9-2020-q2-update.win32_1.5.0.202011040924/tools/bin/../lib/gcc/arm-none-eabi/9.3.1/../../../../arm-none-eabi/lib/thumb/v7e-m+fp/hard\libc_nano.a(lib_a-fflush.o)
 .ARM.attributes
                0x00000000000005ed       0x34 c:/st/stm32cubeide_1.6.1/stm32cubeide/plugins/com.st.stm32cube.ide.mcu.externaltools.gnu-tools-for-stm32.9-2020-q2-update.win32_1.5.0.202011040924/tools/bin/../lib/gcc/arm-none-eabi/9.3.1/../../../../arm-none-eabi/lib/thumb/v7e-m+fp/hard\libc_nano.a(lib_a-findfp.o)
 .ARM.attributes
                0x0000000000000621       0x34 c:/st/stm32cubeide_1.6.1/stm32cubeide/plugins/com.st.stm32cube.ide.mcu.externaltools.gnu-tools-for-stm32.9-2020-q2-update.win32_1.5.0.202011040924/tools/bin/../lib/gcc/arm-none-eabi/9.3.1/../../../../arm-none-eabi/lib/thumb/v7e-m+fp/hard\libc_nano.a(lib_a-fwalk.o)
 .ARM.attributes
                0x0000000000000655       0x34 c:/st/stm32cubeide_1.6.1/stm32cubeide/plugins/com.st.stm32cube.ide.mcu.externaltools.gnu-tools-for-stm32.9-2020-q2-update.win32_1.5.0.202011040924/tools/bin/../lib/gcc/arm-none-eabi/9.3.1/../../../../arm-none-eabi/lib/thumb/v7e-m+fp/hard\libc_nano.a(lib_a-lock.o)
 .ARM.attributes
                0x0000000000000689       0x34 c:/st/stm32cubeide_1.6.1/stm32cubeide/plugins/com.st.stm32cube.ide.mcu.externaltools.gnu-tools-for-stm32.9-2020-q2-update.win32_1.5.0.202011040924/tools/bin/../lib/gcc/arm-none-eabi/9.3.1/../../../../arm-none-eabi/lib/thumb/v7e-m+fp/hard\libc_nano.a(lib_a-makebuf.o)
 .ARM.attributes
                0x00000000000006bd       0x34 c:/st/stm32cubeide_1.6.1/stm32cubeide/plugins/com.st.stm32cube.ide.mcu.externaltools.gnu-tools-for-stm32.9-2020-q2-update.win32_1.5.0.202011040924/tools/bin/../lib/gcc/arm-none-eabi/9.3.1/../../../../arm-none-eabi/lib/thumb/v7e-m+fp/hard\libc_nano.a(lib_a-nano-freer.o)
 .ARM.attributes
                0x00000000000006f1       0x34 c:/st/stm32cubeide_1.6.1/stm32cubeide/plugins/com.st.stm32cube.ide.mcu.externaltools.gnu-tools-for-stm32.9-2020-q2-update.win32_1.5.0.202011040924/tools/bin/../lib/gcc/arm-none-eabi/9.3.1/../../../../arm-none-eabi/lib/thumb/v7e-m+fp/hard\libc_nano.a(lib_a-nano-mallocr.o)
 .ARM.attributes
                0x0000000000000725       0x34 c:/st/stm32cubeide_1.6.1/stm32cubeide/plugins/com.st.stm32cube.ide.mcu.externaltools.gnu-tools-for-stm32.9-2020-q2-update.win32_1.5.0.202011040924/tools/bin/../lib/gcc/arm-none-eabi/9.3.1/../../../../arm-none-eabi/lib/thumb/v7e-m+fp/hard\libc_nano.a(lib_a-nano-vfprintf.o)
 .ARM.attributes
                0x0000000000000759       0x34 c:/st/stm32cubeide_1.6.1/stm32cubeide/plugins/com.st.stm32cube.ide.mcu.externaltools.gnu-tools-for-stm32.9-2020-q2-update.win32_1.5.0.202011040924/tools/bin/../lib/gcc/arm-none-eabi/9.3.1/../../../../arm-none-eabi/lib/thumb/v7e-m+fp/hard\libc_nano.a(lib_a-nano-vfprintf_i.o)
 .ARM.attributes
                0x000000000000078d       0x34 c:/st/stm32cubeide_1.6.1/stm32cubeide/plugins/com.st.stm32cube.ide.mcu.externaltools.gnu-tools-for-stm32.9-2020-q2-update.win32_1.5.0.202011040924/tools/bin/../lib/gcc/arm-none-eabi/9.3.1/../../../../arm-none-eabi/lib/thumb/v7e-m+fp/hard\libc_nano.a(lib_a-sbrkr.o)
 .ARM.attributes
                0x00000000000007c1       0x34 c:/st/stm32cubeide_1.6.1/stm32cubeide/plugins/com.st.stm32cube.ide.mcu.externaltools.gnu-tools-for-stm32.9-2020-q2-update.win32_1.5.0.202011040924/tools/bin/../lib/gcc/arm-none-eabi/9.3.1/../../../../arm-none-eabi/lib/thumb/v7e-m+fp/hard\libc_nano.a(lib_a-stdio.o)
 .ARM.attributes
                0x00000000000007f5       0x34 c:/st/stm32cubeide_1.6.1/stm32cubeide/plugins/com.st.stm32cube.ide.mcu.externaltools.gnu-tools-for-stm32.9-2020-q2-update.win32_1.5.0.202011040924/tools/bin/../lib/gcc/arm-none-eabi/9.3.1/../../../../arm-none-eabi/lib/thumb/v7e-m+fp/hard\libc_nano.a(lib_a-writer.o)
 .ARM.attributes
                0x0000000000000829       0x34 c:/st/stm32cubeide_1.6.1/stm32cubeide/plugins/com.st.stm32cube.ide.mcu.externaltools.gnu-tools-for-stm32.9-2020-q2-update.win32_1.5.0.202011040924/tools/bin/../lib/gcc/arm-none-eabi/9.3.1/../../../../arm-none-eabi/lib/thumb/v7e-m+fp/hard\libc_nano.a(lib_a-closer.o)
 .ARM.attributes
                0x000000000000085d       0x34 c:/st/stm32cubeide_1.6.1/stm32cubeide/plugins/com.st.stm32cube.ide.mcu.externaltools.gnu-tools-for-stm32.9-2020-q2-update.win32_1.5.0.202011040924/tools/bin/../lib/gcc/arm-none-eabi/9.3.1/../../../../arm-none-eabi/lib/thumb/v7e-m+fp/hard\libc_nano.a(lib_a-fstatr.o)
 .ARM.attributes
                0x0000000000000891       0x34 c:/st/stm32cubeide_1.6.1/stm32cubeide/plugins/com.st.stm32cube.ide.mcu.externaltools.gnu-tools-for-stm32.9-2020-q2-update.win32_1.5.0.202011040924/tools/bin/../lib/gcc/arm-none-eabi/9.3.1/../../../../arm-none-eabi/lib/thumb/v7e-m+fp/hard\libc_nano.a(lib_a-isattyr.o)
 .ARM.attributes
                0x00000000000008c5       0x34 c:/st/stm32cubeide_1.6.1/stm32cubeide/plugins/com.st.stm32cube.ide.mcu.externaltools.gnu-tools-for-stm32.9-2020-q2-update.win32_1.5.0.202011040924/tools/bin/../lib/gcc/arm-none-eabi/9.3.1/../../../../arm-none-eabi/lib/thumb/v7e-m+fp/hard\libc_nano.a(lib_a-lseekr.o)
 .ARM.attributes
                0x00000000000008f9       0x1c c:/st/stm32cubeide_1.6.1/stm32cubeide/plugins/com.st.stm32cube.ide.mcu.externaltools.gnu-tools-for-stm32.9-2020-q2-update.win32_1.5.0.202011040924/tools/bin/../lib/gcc/arm-none-eabi/9.3.1/../../../../arm-none-eabi/lib/thumb/v7e-m+fp/hard\libc_nano.a(lib_a-memchr.o)
 .ARM.attributes
                0x0000000000000915       0x34 c:/st/stm32cubeide_1.6.1/stm32cubeide/plugins/com.st.stm32cube.ide.mcu.externaltools.gnu-tools-for-stm32.9-2020-q2-update.win32_1.5.0.202011040924/tools/bin/../lib/gcc/arm-none-eabi/9.3.1/../../../../arm-none-eabi/lib/thumb/v7e-m+fp/hard\libc_nano.a(lib_a-mlock.o)
 .ARM.attributes
                0x0000000000000949       0x34 c:/st/stm32cubeide_1.6.1/stm32cubeide/plugins/com.st.stm32cube.ide.mcu.externaltools.gnu-tools-for-stm32.9-2020-q2-update.win32_1.5.0.202011040924/tools/bin/../lib/gcc/arm-none-eabi/9.3.1/../../../../arm-none-eabi/lib/thumb/v7e-m+fp/hard\libc_nano.a(lib_a-readr.o)
 .ARM.attributes
                0x000000000000097d       0x34 c:/st/stm32cubeide_1.6.1/stm32cubeide/plugins/com.st.stm32cube.ide.mcu.externaltools.gnu-tools-for-stm32.9-2020-q2-update.win32_1.5.0.202011040924/tools/bin/../lib/gcc/arm-none-eabi/9.3.1/../../../../arm-none-eabi/lib/thumb/v7e-m+fp/hard\libc_nano.a(lib_a-reent.o)
 .ARM.attributes
                0x00000000000009b1       0x1e c:/st/stm32cubeide_1.6.1/stm32cubeide/plugins/com.st.stm32cube.ide.mcu.externaltools.gnu-tools-for-stm32.9-2020-q2-update.win32_1.5.0.202011040924/tools/bin/../lib/gcc/arm-none-eabi/9.3.1/thumb/v7e-m+fp/hard/crtn.o
OUTPUT(spracingf3.elf elf32-littlearm)
LOAD linker stubs
LOAD c:/st/stm32cubeide_1.6.1/stm32cubeide/plugins/com.st.stm32cube.ide.mcu.externaltools.gnu-tools-for-stm32.9-2020-q2-update.win32_1.5.0.202011040924/tools/bin/../lib/gcc/arm-none-eabi/9.3.1/../../../../arm-none-eabi/lib/thumb/v7e-m+fp/hard\libc.a
LOAD c:/st/stm32cubeide_1.6.1/stm32cubeide/plugins/com.st.stm32cube.ide.mcu.externaltools.gnu-tools-for-stm32.9-2020-q2-update.win32_1.5.0.202011040924/tools/bin/../lib/gcc/arm-none-eabi/9.3.1/../../../../arm-none-eabi/lib/thumb/v7e-m+fp/hard\libm.a
LOAD c:/st/stm32cubeide_1.6.1/stm32cubeide/plugins/com.st.stm32cube.ide.mcu.externaltools.gnu-tools-for-stm32.9-2020-q2-update.win32_1.5.0.202011040924/tools/bin/../lib/gcc/arm-none-eabi/9.3.1/thumb/v7e-m+fp/hard\libgcc.a

.debug_info     0x0000000000000000    0x14933
 .debug_info    0x0000000000000000      0xf79 Core/Src/gpio_wrapper.o
 .debug_info    0x0000000000000f79     0x1dc7 Core/Src/main.o
 .debug_info    0x0000000000002d40      0x266 Core/Src/sched.o
 .debug_info    0x0000000000002fa6     0x1265 Core/Src/stm32f3xx_hal_msp.o
 .debug_info    0x000000000000420b      0x225 Core/Src/stm32f3xx_it.o
 .debug_info    0x0000000000004430      0xfa8 Core/Src/syscalls.o
 .debug_info    0x00000000000053d8      0xa25 Core/Src/sysmem.o
 .debug_info    0x0000000000005dfd      0x49a Core/Src/system_stm32f3xx.o
 .debug_info    0x0000000000006297       0x22 Core/Startup/startup_stm32f303cbtx.o
 .debug_info    0x00000000000062b9      0x83d Drivers/STM32F3xx_HAL_Driver/Src/stm32f3xx_hal.o
 .debug_info    0x0000000000006af6      0xe44 Drivers/STM32F3xx_HAL_Driver/Src/stm32f3xx_hal_cortex.o
 .debug_info    0x000000000000793a      0x779 Drivers/STM32F3xx_HAL_Driver/Src/stm32f3xx_hal_gpio.o
 .debug_info    0x00000000000080b3     0x22e1 Drivers/STM32F3xx_HAL_Driver/Src/stm32f3xx_hal_i2c.o
 .debug_info    0x000000000000a394      0x982 Drivers/STM32F3xx_HAL_Driver/Src/stm32f3xx_hal_i2c_ex.o
 .debug_info    0x000000000000ad16     0x15b4 Drivers/STM32F3xx_HAL_Driver/Src/stm32f3xx_hal_rcc.o
 .debug_info    0x000000000000c2ca      0x6bf Drivers/STM32F3xx_HAL_Driver/Src/stm32f3xx_hal_rcc_ex.o
 .debug_info    0x000000000000c989     0x2d2e Drivers/STM32F3xx_HAL_Driver/Src/stm32f3xx_hal_tim.o
 .debug_info    0x000000000000f6b7     0x1663 Drivers/STM32F3xx_HAL_Driver/Src/stm32f3xx_hal_tim_ex.o
 .debug_info    0x0000000000010d1a     0x3c19 Drivers/STM32F3xx_HAL_Driver/Src/stm32f3xx_hal_uart.o

.debug_abbrev   0x0000000000000000     0x27d6
 .debug_abbrev  0x0000000000000000      0x2ca Core/Src/gpio_wrapper.o
 .debug_abbrev  0x00000000000002ca      0x306 Core/Src/main.o
 .debug_abbrev  0x00000000000005d0      0x1ca Core/Src/sched.o
 .debug_abbrev  0x000000000000079a      0x224 Core/Src/stm32f3xx_hal_msp.o
 .debug_abbrev  0x00000000000009be       0xd2 Core/Src/stm32f3xx_it.o
 .debug_abbrev  0x0000000000000a90      0x286 Core/Src/syscalls.o
 .debug_abbrev  0x0000000000000d16      0x1bf Core/Src/sysmem.o
 .debug_abbrev  0x0000000000000ed5      0x145 Core/Src/system_stm32f3xx.o
 .debug_abbrev  0x000000000000101a       0x12 Core/Startup/startup_stm32f303cbtx.o
 .debug_abbrev  0x000000000000102c      0x1ed Drivers/STM32F3xx_HAL_Driver/Src/stm32f3xx_hal.o
 .debug_abbrev  0x0000000000001219      0x33c Drivers/STM32F3xx_HAL_Driver/Src/stm32f3xx_hal_cortex.o
 .debug_abbrev  0x0000000000001555      0x1e8 Drivers/STM32F3xx_HAL_Driver/Src/stm32f3xx_hal_gpio.o
 .debug_abbrev  0x000000000000173d      0x256 Drivers/STM32F3xx_HAL_Driver/Src/stm32f3xx_hal_i2c.o
 .debug_abbrev  0x0000000000001993      0x1dd Drivers/STM32F3xx_HAL_Driver/Src/stm32f3xx_hal_i2c_ex.o
 .debug_abbrev  0x0000000000001b70      0x2b1 Drivers/STM32F3xx_HAL_Driver/Src/stm32f3xx_hal_rcc.o
 .debug_abbrev  0x0000000000001e21      0x23e Drivers/STM32F3xx_HAL_Driver/Src/stm32f3xx_hal_rcc_ex.o
 .debug_abbrev  0x000000000000205f      0x25e Drivers/STM32F3xx_HAL_Driver/Src/stm32f3xx_hal_tim.o
 .debug_abbrev  0x00000000000022bd      0x266 Drivers/STM32F3xx_HAL_Driver/Src/stm32f3xx_hal_tim_ex.o
 .debug_abbrev  0x0000000000002523      0x2b3 Drivers/STM32F3xx_HAL_Driver/Src/stm32f3xx_hal_uart.o

.debug_aranges  0x0000000000000000     0x1070
 .debug_aranges
                0x0000000000000000       0x80 Core/Src/gpio_wrapper.o
 .debug_aranges
                0x0000000000000080       0x78 Core/Src/main.o
 .debug_aranges
                0x00000000000000f8       0x30 Core/Src/sched.o
 .debug_aranges
                0x0000000000000128       0x58 Core/Src/stm32f3xx_hal_msp.o
 .debug_aranges
                0x0000000000000180       0x60 Core/Src/stm32f3xx_it.o
 .debug_aranges
                0x00000000000001e0       0xa8 Core/Src/syscalls.o
 .debug_aranges
                0x0000000000000288       0x20 Core/Src/sysmem.o
 .debug_aranges
                0x00000000000002a8       0x28 Core/Src/system_stm32f3xx.o
 .debug_aranges
                0x00000000000002d0       0x28 Core/Startup/startup_stm32f303cbtx.o
 .debug_aranges
                0x00000000000002f8       0xe0 Drivers/STM32F3xx_HAL_Driver/Src/stm32f3xx_hal.o
 .debug_aranges
                0x00000000000003d8      0x118 Drivers/STM32F3xx_HAL_Driver/Src/stm32f3xx_hal_cortex.o
 .debug_aranges
                0x00000000000004f0       0x58 Drivers/STM32F3xx_HAL_Driver/Src/stm32f3xx_hal_gpio.o
 .debug_aranges
                0x0000000000000548      0x2a0 Drivers/STM32F3xx_HAL_Driver/Src/stm32f3xx_hal_i2c.o
 .debug_aranges
                0x00000000000007e8       0x48 Drivers/STM32F3xx_HAL_Driver/Src/stm32f3xx_hal_i2c_ex.o
 .debug_aranges
                0x0000000000000830       0x88 Drivers/STM32F3xx_HAL_Driver/Src/stm32f3xx_hal_rcc.o
 .debug_aranges
                0x00000000000008b8       0x38 Drivers/STM32F3xx_HAL_Driver/Src/stm32f3xx_hal_rcc_ex.o
 .debug_aranges
                0x00000000000008f0      0x3e0 Drivers/STM32F3xx_HAL_Driver/Src/stm32f3xx_hal_tim.o
 .debug_aranges
                0x0000000000000cd0      0x178 Drivers/STM32F3xx_HAL_Driver/Src/stm32f3xx_hal_tim_ex.o
 .debug_aranges
                0x0000000000000e48      0x228 Drivers/STM32F3xx_HAL_Driver/Src/stm32f3xx_hal_uart.o

.debug_ranges   0x0000000000000000      0xf78
 .debug_ranges  0x0000000000000000       0x70 Core/Src/gpio_wrapper.o
 .debug_ranges  0x0000000000000070       0x68 Core/Src/main.o
 .debug_ranges  0x00000000000000d8       0x20 Core/Src/sched.o
 .debug_ranges  0x00000000000000f8       0x48 Core/Src/stm32f3xx_hal_msp.o
 .debug_ranges  0x0000000000000140       0x50 Core/Src/stm32f3xx_it.o
 .debug_ranges  0x0000000000000190       0x98 Core/Src/syscalls.o
 .debug_ranges  0x0000000000000228       0x10 Core/Src/sysmem.o
 .debug_ranges  0x0000000000000238       0x18 Core/Src/system_stm32f3xx.o
 .debug_ranges  0x0000000000000250       0x20 Core/Startup/startup_stm32f303cbtx.o
 .debug_ranges  0x0000000000000270       0xd0 Drivers/STM32F3xx_HAL_Driver/Src/stm32f3xx_hal.o
 .debug_ranges  0x0000000000000340      0x108 Drivers/STM32F3xx_HAL_Driver/Src/stm32f3xx_hal_cortex.o
 .debug_ranges  0x0000000000000448       0x48 Drivers/STM32F3xx_HAL_Driver/Src/stm32f3xx_hal_gpio.o
 .debug_ranges  0x0000000000000490      0x290 Drivers/STM32F3xx_HAL_Driver/Src/stm32f3xx_hal_i2c.o
 .debug_ranges  0x0000000000000720       0x38 Drivers/STM32F3xx_HAL_Driver/Src/stm32f3xx_hal_i2c_ex.o
 .debug_ranges  0x0000000000000758       0x78 Drivers/STM32F3xx_HAL_Driver/Src/stm32f3xx_hal_rcc.o
 .debug_ranges  0x00000000000007d0       0x28 Drivers/STM32F3xx_HAL_Driver/Src/stm32f3xx_hal_rcc_ex.o
 .debug_ranges  0x00000000000007f8      0x3d0 Drivers/STM32F3xx_HAL_Driver/Src/stm32f3xx_hal_tim.o
 .debug_ranges  0x0000000000000bc8      0x168 Drivers/STM32F3xx_HAL_Driver/Src/stm32f3xx_hal_tim_ex.o
 .debug_ranges  0x0000000000000d30      0x248 Drivers/STM32F3xx_HAL_Driver/Src/stm32f3xx_hal_uart.o

.debug_macro    0x0000000000000000    0x1f737
 .debug_macro   0x0000000000000000      0x34a Core/Src/gpio_wrapper.o
 .debug_macro   0x000000000000034a      0xaa8 Core/Src/gpio_wrapper.o
 .debug_macro   0x0000000000000df2       0x22 Core/Src/gpio_wrapper.o
 .debug_macro   0x0000000000000e14       0x4c Core/Src/gpio_wrapper.o
 .debug_macro   0x0000000000000e60       0x18 Core/Src/gpio_wrapper.o
 .debug_macro   0x0000000000000e78       0x94 Core/Src/gpio_wrapper.o
 .debug_macro   0x0000000000000f0c       0x3c Core/Src/gpio_wrapper.o
 .debug_macro   0x0000000000000f48       0x34 Core/Src/gpio_wrapper.o
 .debug_macro   0x0000000000000f7c       0x16 Core/Src/gpio_wrapper.o
 .debug_macro   0x0000000000000f92       0x57 Core/Src/gpio_wrapper.o
 .debug_macro   0x0000000000000fe9       0x97 Core/Src/gpio_wrapper.o
 .debug_macro   0x0000000000001080      0x339 Core/Src/gpio_wrapper.o
 .debug_macro   0x00000000000013b9       0xfd Core/Src/gpio_wrapper.o
 .debug_macro   0x00000000000014b6       0x10 Core/Src/gpio_wrapper.o
 .debug_macro   0x00000000000014c6       0x16 Core/Src/gpio_wrapper.o
 .debug_macro   0x00000000000014dc       0x43 Core/Src/gpio_wrapper.o
 .debug_macro   0x000000000000151f       0x34 Core/Src/gpio_wrapper.o
 .debug_macro   0x0000000000001553       0x10 Core/Src/gpio_wrapper.o
 .debug_macro   0x0000000000001563       0x58 Core/Src/gpio_wrapper.o
 .debug_macro   0x00000000000015bb       0x71 Core/Src/gpio_wrapper.o
 .debug_macro   0x000000000000162c       0x1c Core/Src/gpio_wrapper.o
 .debug_macro   0x0000000000001648      0x12a Core/Src/gpio_wrapper.o
 .debug_macro   0x0000000000001772       0x10 Core/Src/gpio_wrapper.o
 .debug_macro   0x0000000000001782       0x6a Core/Src/gpio_wrapper.o
 .debug_macro   0x00000000000017ec       0x1c Core/Src/gpio_wrapper.o
 .debug_macro   0x0000000000001808       0x52 Core/Src/gpio_wrapper.o
 .debug_macro   0x000000000000185a       0x22 Core/Src/gpio_wrapper.o
 .debug_macro   0x000000000000187c       0x10 Core/Src/gpio_wrapper.o
 .debug_macro   0x000000000000188c       0x40 Core/Src/gpio_wrapper.o
 .debug_macro   0x00000000000018cc       0xd5 Core/Src/gpio_wrapper.o
 .debug_macro   0x00000000000019a1       0x1c Core/Src/gpio_wrapper.o
 .debug_macro   0x00000000000019bd       0x3d Core/Src/gpio_wrapper.o
 .debug_macro   0x00000000000019fa       0x16 Core/Src/gpio_wrapper.o
 .debug_macro   0x0000000000001a10      0x145 Core/Src/gpio_wrapper.o
 .debug_macro   0x0000000000001b55      0x103 Core/Src/gpio_wrapper.o
 .debug_macro   0x0000000000001c58      0x1df Core/Src/gpio_wrapper.o
 .debug_macro   0x0000000000001e37      0x157 Core/Src/gpio_wrapper.o
 .debug_macro   0x0000000000001f8e       0x2e Core/Src/gpio_wrapper.o
 .debug_macro   0x0000000000001fbc       0x28 Core/Src/gpio_wrapper.o
 .debug_macro   0x0000000000001fe4       0x1c Core/Src/gpio_wrapper.o
 .debug_macro   0x0000000000002000       0x22 Core/Src/gpio_wrapper.o
 .debug_macro   0x0000000000002022       0xd9 Core/Src/gpio_wrapper.o
 .debug_macro   0x00000000000020fb     0x102d Core/Src/gpio_wrapper.o
 .debug_macro   0x0000000000003128      0x11f Core/Src/gpio_wrapper.o
 .debug_macro   0x0000000000003247    0x12a3a Core/Src/gpio_wrapper.o
 .debug_macro   0x0000000000015c81       0x6d Core/Src/gpio_wrapper.o
 .debug_macro   0x0000000000015cee     0x3558 Core/Src/gpio_wrapper.o
 .debug_macro   0x0000000000019246       0x4f Core/Src/gpio_wrapper.o
 .debug_macro   0x0000000000019295      0x961 Core/Src/gpio_wrapper.o
 .debug_macro   0x0000000000019bf6      0x5fe Core/Src/gpio_wrapper.o
 .debug_macro   0x000000000001a1f4      0x1b5 Core/Src/gpio_wrapper.o
 .debug_macro   0x000000000001a3a9      0x1fb Core/Src/gpio_wrapper.o
 .debug_macro   0x000000000001a5a4      0x1dc Core/Src/gpio_wrapper.o
 .debug_macro   0x000000000001a780      0x1bc Core/Src/gpio_wrapper.o
 .debug_macro   0x000000000001a93c       0x30 Core/Src/gpio_wrapper.o
 .debug_macro   0x000000000001a96c       0x3c Core/Src/gpio_wrapper.o
 .debug_macro   0x000000000001a9a8      0x235 Core/Src/gpio_wrapper.o
 .debug_macro   0x000000000001abdd       0xc5 Core/Src/gpio_wrapper.o
 .debug_macro   0x000000000001aca2      0x21d Core/Src/gpio_wrapper.o
 .debug_macro   0x000000000001aebf      0x22c Core/Src/gpio_wrapper.o
 .debug_macro   0x000000000001b0eb       0x5b Core/Src/gpio_wrapper.o
 .debug_macro   0x000000000001b146       0xa5 Core/Src/gpio_wrapper.o
 .debug_macro   0x000000000001b1eb       0x81 Core/Src/gpio_wrapper.o
 .debug_macro   0x000000000001b26c       0xd3 Core/Src/gpio_wrapper.o
 .debug_macro   0x000000000001b33f      0xa59 Core/Src/gpio_wrapper.o
 .debug_macro   0x000000000001bd98       0x89 Core/Src/gpio_wrapper.o
 .debug_macro   0x000000000001be21      0x5ba Core/Src/gpio_wrapper.o
 .debug_macro   0x000000000001c3db       0x3e Core/Src/gpio_wrapper.o
 .debug_macro   0x000000000001c419      0x275 Core/Src/gpio_wrapper.o
 .debug_macro   0x000000000001c68e      0x354 Core/Src/main.o
 .debug_macro   0x000000000001c9e2       0x8e Core/Src/main.o
 .debug_macro   0x000000000001ca70       0x51 Core/Src/main.o
 .debug_macro   0x000000000001cac1       0xdf Core/Src/main.o
 .debug_macro   0x000000000001cba0      0x174 Core/Src/main.o
 .debug_macro   0x000000000001cd14       0x55 Core/Src/main.o
 .debug_macro   0x000000000001cd69       0x52 Core/Src/main.o
 .debug_macro   0x000000000001cdbb       0x35 Core/Src/main.o
 .debug_macro   0x000000000001cdf0      0x333 Core/Src/main.o
 .debug_macro   0x000000000001d123       0x7c Core/Src/sched.o
 .debug_macro   0x000000000001d19f      0x1e1 Core/Src/stm32f3xx_hal_msp.o
 .debug_macro   0x000000000001d380      0x1eb Core/Src/stm32f3xx_it.o
 .debug_macro   0x000000000001d56b      0x24c Core/Src/syscalls.o
 .debug_macro   0x000000000001d7b7       0x10 Core/Src/syscalls.o
 .debug_macro   0x000000000001d7c7       0x10 Core/Src/syscalls.o
 .debug_macro   0x000000000001d7d7       0x10 Core/Src/syscalls.o
 .debug_macro   0x000000000001d7e7       0x35 Core/Src/syscalls.o
 .debug_macro   0x000000000001d81c      0x12c Core/Src/syscalls.o
 .debug_macro   0x000000000001d948       0x16 Core/Src/syscalls.o
 .debug_macro   0x000000000001d95e       0x16 Core/Src/syscalls.o
 .debug_macro   0x000000000001d974       0x29 Core/Src/syscalls.o
 .debug_macro   0x000000000001d99d       0x10 Core/Src/syscalls.o
 .debug_macro   0x000000000001d9ad      0x241 Core/Src/syscalls.o
 .debug_macro   0x000000000001dbee       0x1c Core/Src/syscalls.o
 .debug_macro   0x000000000001dc0a       0x10 Core/Src/syscalls.o
 .debug_macro   0x000000000001dc1a      0x189 Core/Src/syscalls.o
 .debug_macro   0x000000000001dda3       0x16 Core/Src/syscalls.o
 .debug_macro   0x000000000001ddb9       0xce Core/Src/syscalls.o
 .debug_macro   0x000000000001de87       0xff Core/Src/sysmem.o
 .debug_macro   0x000000000001df86      0x23b Core/Src/sysmem.o
 .debug_macro   0x000000000001e1c1      0x1d7 Core/Src/system_stm32f3xx.o
 .debug_macro   0x000000000001e398      0x1fb Drivers/STM32F3xx_HAL_Driver/Src/stm32f3xx_hal.o
 .debug_macro   0x000000000001e593      0x1d7 Drivers/STM32F3xx_HAL_Driver/Src/stm32f3xx_hal_cortex.o
 .debug_macro   0x000000000001e76a      0x1de Drivers/STM32F3xx_HAL_Driver/Src/stm32f3xx_hal_gpio.o
 .debug_macro   0x000000000001e948      0x2a3 Drivers/STM32F3xx_HAL_Driver/Src/stm32f3xx_hal_i2c.o
 .debug_macro   0x000000000001ebeb      0x1d7 Drivers/STM32F3xx_HAL_Driver/Src/stm32f3xx_hal_i2c_ex.o
 .debug_macro   0x000000000001edc2      0x1fb Drivers/STM32F3xx_HAL_Driver/Src/stm32f3xx_hal_rcc.o
 .debug_macro   0x000000000001efbd      0x1d7 Drivers/STM32F3xx_HAL_Driver/Src/stm32f3xx_hal_rcc_ex.o
 .debug_macro   0x000000000001f194      0x1d8 Drivers/STM32F3xx_HAL_Driver/Src/stm32f3xx_hal_tim.o
 .debug_macro   0x000000000001f36c      0x1d7 Drivers/STM32F3xx_HAL_Driver/Src/stm32f3xx_hal_tim_ex.o
 .debug_macro   0x000000000001f543      0x1f4 Drivers/STM32F3xx_HAL_Driver/Src/stm32f3xx_hal_uart.o

.debug_line     0x0000000000000000    0x149f6
 .debug_line    0x0000000000000000      0xa88 Core/Src/gpio_wrapper.o
 .debug_line    0x0000000000000a88      0xbcb Core/Src/main.o
 .debug_line    0x0000000000001653      0x47e Core/Src/sched.o
 .debug_line    0x0000000000001ad1      0x865 Core/Src/stm32f3xx_hal_msp.o
 .debug_line    0x0000000000002336      0x7b4 Core/Src/stm32f3xx_it.o
 .debug_line    0x0000000000002aea      0x802 Core/Src/syscalls.o
 .debug_line    0x00000000000032ec      0x4f8 Core/Src/sysmem.o
 .debug_line    0x00000000000037e4      0x768 Core/Src/system_stm32f3xx.o
 .debug_line    0x0000000000003f4c       0x88 Core/Startup/startup_stm32f303cbtx.o
 .debug_line    0x0000000000003fd4      0x99d Drivers/STM32F3xx_HAL_Driver/Src/stm32f3xx_hal.o
 .debug_line    0x0000000000004971      0xc62 Drivers/STM32F3xx_HAL_Driver/Src/stm32f3xx_hal_cortex.o
 .debug_line    0x00000000000055d3      0xafc Drivers/STM32F3xx_HAL_Driver/Src/stm32f3xx_hal_gpio.o
 .debug_line    0x00000000000060cf     0x376c Drivers/STM32F3xx_HAL_Driver/Src/stm32f3xx_hal_i2c.o
 .debug_line    0x000000000000983b      0x90f Drivers/STM32F3xx_HAL_Driver/Src/stm32f3xx_hal_i2c_ex.o
 .debug_line    0x000000000000a14a     0x1377 Drivers/STM32F3xx_HAL_Driver/Src/stm32f3xx_hal_rcc.o
 .debug_line    0x000000000000b4c1      0xd06 Drivers/STM32F3xx_HAL_Driver/Src/stm32f3xx_hal_rcc_ex.o
 .debug_line    0x000000000000c1c7     0x3cf2 Drivers/STM32F3xx_HAL_Driver/Src/stm32f3xx_hal_tim.o
 .debug_line    0x000000000000feb9     0x1a84 Drivers/STM32F3xx_HAL_Driver/Src/stm32f3xx_hal_tim_ex.o
 .debug_line    0x000000000001193d     0x30b9 Drivers/STM32F3xx_HAL_Driver/Src/stm32f3xx_hal_uart.o

.debug_str      0x0000000000000000    0xb9d06
 .debug_str     0x0000000000000000    0xb3b41 Core/Src/gpio_wrapper.o
                                      0xb42a7 (size before relaxing)
 .debug_str     0x00000000000b3b41      0xdab Core/Src/main.o
                                      0xb4fc9 (size before relaxing)
 .debug_str     0x00000000000b48ec       0x8b Core/Src/sched.o
                                       0x4596 (size before relaxing)
 .debug_str     0x00000000000b4977       0xcc Core/Src/stm32f3xx_hal_msp.o
                                      0xb0b28 (size before relaxing)
 .debug_str     0x00000000000b4a43       0xbd Core/Src/stm32f3xx_it.o
                                      0xb0035 (size before relaxing)
 .debug_str     0x00000000000b4b00     0x1757 Core/Src/syscalls.o
                                       0x8ed4 (size before relaxing)
 .debug_str     0x00000000000b6257       0x6b Core/Src/sysmem.o
                                       0x62a7 (size before relaxing)
 .debug_str     0x00000000000b62c2       0xbd Core/Src/system_stm32f3xx.o
                                      0xb007e (size before relaxing)
 .debug_str     0x00000000000b637f       0x36 Core/Startup/startup_stm32f303cbtx.o
                                         0x78 (size before relaxing)
 .debug_str     0x00000000000b63b5      0x624 Drivers/STM32F3xx_HAL_Driver/Src/stm32f3xx_hal.o
                                      0xb081a (size before relaxing)
 .debug_str     0x00000000000b69d9      0x3b1 Drivers/STM32F3xx_HAL_Driver/Src/stm32f3xx_hal_cortex.o
                                      0xb0928 (size before relaxing)
 .debug_str     0x00000000000b6d8a      0x165 Drivers/STM32F3xx_HAL_Driver/Src/stm32f3xx_hal_gpio.o
                                      0xb0229 (size before relaxing)
 .debug_str     0x00000000000b6eef      0xe35 Drivers/STM32F3xx_HAL_Driver/Src/stm32f3xx_hal_i2c.o
                                      0xb136e (size before relaxing)
 .debug_str     0x00000000000b7d24       0xb8 Drivers/STM32F3xx_HAL_Driver/Src/stm32f3xx_hal_i2c_ex.o
                                      0xb05cb (size before relaxing)
 .debug_str     0x00000000000b7ddc      0x2e5 Drivers/STM32F3xx_HAL_Driver/Src/stm32f3xx_hal_rcc.o
                                      0xb04ec (size before relaxing)
 .debug_str     0x00000000000b80c1       0xd8 Drivers/STM32F3xx_HAL_Driver/Src/stm32f3xx_hal_rcc_ex.o
                                      0xb02b0 (size before relaxing)
 .debug_str     0x00000000000b8199      0xdaf Drivers/STM32F3xx_HAL_Driver/Src/stm32f3xx_hal_tim.o
                                      0xb1441 (size before relaxing)
 .debug_str     0x00000000000b8f48      0x550 Drivers/STM32F3xx_HAL_Driver/Src/stm32f3xx_hal_tim_ex.o
                                      0xb0c45 (size before relaxing)
 .debug_str     0x00000000000b9498      0x86e Drivers/STM32F3xx_HAL_Driver/Src/stm32f3xx_hal_uart.o
                                      0xb0d24 (size before relaxing)

.comment        0x0000000000000000       0x53
 .comment       0x0000000000000000       0x53 Core/Src/gpio_wrapper.o
                                         0x54 (size before relaxing)
 .comment       0x0000000000000053       0x54 Core/Src/main.o
 .comment       0x0000000000000053       0x54 Core/Src/sched.o
 .comment       0x0000000000000053       0x54 Core/Src/stm32f3xx_hal_msp.o
 .comment       0x0000000000000053       0x54 Core/Src/stm32f3xx_it.o
 .comment       0x0000000000000053       0x54 Core/Src/syscalls.o
 .comment       0x0000000000000053       0x54 Core/Src/sysmem.o
 .comment       0x0000000000000053       0x54 Core/Src/system_stm32f3xx.o
 .comment       0x0000000000000053       0x54 Drivers/STM32F3xx_HAL_Driver/Src/stm32f3xx_hal.o
 .comment       0x0000000000000053       0x54 Drivers/STM32F3xx_HAL_Driver/Src/stm32f3xx_hal_cortex.o
 .comment       0x0000000000000053       0x54 Drivers/STM32F3xx_HAL_Driver/Src/stm32f3xx_hal_gpio.o
 .comment       0x0000000000000053       0x54 Drivers/STM32F3xx_HAL_Driver/Src/stm32f3xx_hal_i2c.o