../Core/Src/gpio_wrapper.c:56:6:test_gpio_task	24	static
../Core/Src/gpio_wrapper.c:62:6:EXTI0_IRQHandler	8	static
../Core/Src/gpio_wrapper.c:69:6:EXTI1_IRQHandler	8	static
../Core/Src/gpio_wrapper.c:76:6:EXTI15_10_IRQHandler	8	static
../Core/Src/gpio_wrapper.c:83:6:HAL_GPIO_EXTI_Callback	24	static
../Core/Src/gpio_wrapper.c:102:6:gpio_init	24	static
../Core/Src/gpio_wrapper.c:109:5:gpio_num_pins	4	static
../Core/Src/gpio_wrapper.c:114:5:gpio_read	16	static
../Core/Src/gpio_wrapper.c:119:6:gpio_write	16	static
../Core/Src/gpio_wrapper.c:124:6:gpio_dir	40	static
../Core/Src/gpio_wrapper.c:144:6:gpio_pulldown	40	static
../Core/Src/gpio_wrapper.c:157:6:gpio_pullup	40	static
../Core/Src/gpio_wrapper.c:172:6:gpio_interrupt	40	static
