gpio_wrapper.c:56:6:test_gpio_task	24	static
gpio_wrapper.c:62:6:EXTI0_IRQHandler	8	static
gpio_wrapper.c:73:6:EXTI1_IRQHandler	8	static
gpio_wrapper.c:84:6:HAL_GPIO_EXTI_Callback	24	static
gpio_wrapper.c:103:6:gpio_init	24	static
gpio_wrapper.c:110:5:gpio_num_pins	4	static
gpio_wrapper.c:115:5:gpio_read	16	static
gpio_wrapper.c:120:6:gpio_write	16	static
gpio_wrapper.c:125:6:gpio_dir	40	static
gpio_wrapper.c:145:6:gpio_pulldown	40	static
gpio_wrapper.c:158:6:gpio_pullup	40	static
gpio_wrapper.c:173:6:gpio_interrupt	40	static
