../Core/Src/main.c:76:5:__io_putchar	16	static
../Core/Src/main.c:85:6:hello_cb	16	static
../Core/Src/main.c:91:6:read_pwm	24	static
../Core/Src/main.c:103:5:main	32	static
../Core/Src/main.c:179:6:SystemClock_Config	128	static
../Core/Src/main.c:227:13:MX_I2C1_Init	8	static
../Core/Src/main.c:273:13:MX_TIM1_Init	112	static
../Core/Src/main.c:353:13:MX_TIM2_Init	40	static
../Core/Src/main.c:398:13:MX_TIM3_Init	64	static
../Core/Src/main.c:461:13:MX_TIM4_Init	64	static
../Core/Src/main.c:524:13:MX_USART1_UART_Init	8	static
../Core/Src/main.c:559:13:MX_GPIO_Init	16	static
../Core/Src/main.c:570:6:HAL_TIM_PeriodElapsedCallback	24	static
../Core/Src/main.c:596:6:Error_Handler	4	static,ignoring_inline_asm
